[    0.000000] Linux version 4.15.0-135-generic (buildd@lgw01-amd64-005) (gcc version 7.5.0 (Ubuntu 7.5.0-3ubuntu1~18.04)) #139-Ubuntu SMP Mon Jan 18 17:38:24 UTC 2021 (Ubuntu 4.15.0-135.139-generic 4.15.18)
[    0.000000] Command line: BOOT_IMAGE=/boot/vmlinuz-4.15.0-135-generic root=LABEL=cloudimg-rootfs ro console=tty1 console=ttyS0
[    0.000000] KERNEL supported cpus:
[    0.000000]   Intel GenuineIntel
[    0.000000]   AMD AuthenticAMD
[    0.000000]   Centaur CentaurHauls
[    0.000000] [Firmware Bug]: TSC doesn't count with P0 frequency!
[    0.000000] x86/fpu: Supporting XSAVE feature 0x001: 'x87 floating point registers'
[    0.000000] x86/fpu: Supporting XSAVE feature 0x002: 'SSE registers'
[    0.000000] x86/fpu: Supporting XSAVE feature 0x004: 'AVX registers'
[    0.000000] x86/fpu: xstate_offset[2]:  576, xstate_sizes[2]:  256
[    0.000000] x86/fpu: Enabled xstate features 0x7, context size is 832 bytes, using 'standard' format.
[    0.000000] e820: BIOS-provided physical RAM map:
[    0.000000] BIOS-e820: [mem 0x0000000000000000-0x000000000009fbff] usable
[    0.000000] BIOS-e820: [mem 0x000000000009fc00-0x000000000009ffff] reserved
[    0.000000] BIOS-e820: [mem 0x00000000000f0000-0x00000000000fffff] reserved
[    0.000000] BIOS-e820: [mem 0x0000000000100000-0x000000003ffeffff] usable
[    0.000000] BIOS-e820: [mem 0x000000003fff0000-0x000000003fffffff] ACPI data
[    0.000000] BIOS-e820: [mem 0x00000000fec00000-0x00000000fec00fff] reserved
[    0.000000] BIOS-e820: [mem 0x00000000fee00000-0x00000000fee00fff] reserved
[    0.000000] BIOS-e820: [mem 0x00000000fffc0000-0x00000000ffffffff] reserved
[    0.000000] NX (Execute Disable) protection: active
[    0.000000] SMBIOS 2.5 present.
[    0.000000] DMI: innotek GmbH VirtualBox/VirtualBox, BIOS VirtualBox 12/01/2006
[    0.000000] Hypervisor detected: KVM
[    0.000000] e820: last_pfn = 0x3fff0 max_arch_pfn = 0x400000000
[    0.000000] MTRR: Disabled
[    0.000000] x86/PAT: MTRRs disabled, skipping PAT initialization too.
[    0.000000] CPU MTRRs all blank - virtualized system.
[    0.000000] x86/PAT: Configuration [0-7]: WB  WT  UC- UC  WB  WT  UC- UC  
[    0.000000] found SMP MP-table at [mem 0x0009fff0-0x0009ffff]
[    0.000000] Scanning 1 areas for low memory corruption
[    0.000000] RAMDISK: [mem 0x35a63000-0x36d28fff]
[    0.000000] ACPI: Early table checksum verification disabled
[    0.000000] ACPI: RSDP 0x00000000000E0000 000024 (v02 VBOX  )
[    0.000000] ACPI: XSDT 0x000000003FFF0030 00003C (v01 VBOX   VBOXXSDT 00000001 ASL  00000061)
[    0.000000] ACPI: FACP 0x000000003FFF00F0 0000F4 (v04 VBOX   VBOXFACP 00000001 ASL  00000061)
[    0.000000] ACPI: DSDT 0x000000003FFF0470 002325 (v02 VBOX   VBOXBIOS 00000002 INTL 20100528)
[    0.000000] ACPI: FACS 0x000000003FFF0200 000040
[    0.000000] ACPI: FACS 0x000000003FFF0200 000040
[    0.000000] ACPI: APIC 0x000000003FFF0240 00005C (v02 VBOX   VBOXAPIC 00000001 ASL  00000061)
[    0.000000] ACPI: SSDT 0x000000003FFF02A0 0001CC (v01 VBOX   VBOXCPUT 00000002 INTL 20100528)
[    0.000000] No NUMA configuration found
[    0.000000] Faking a node at [mem 0x0000000000000000-0x000000003ffeffff]
[    0.000000] NODE_DATA(0) allocated [mem 0x3ffc5000-0x3ffeffff]
[    0.000000] kvm-clock: cpu 0, msr 0:3ff44001, primary cpu clock
[    0.000000] kvm-clock: Using msrs 4b564d01 and 4b564d00
[    0.000000] kvm-clock: using sched offset of 3117385824 cycles
[    0.000000] clocksource: kvm-clock: mask: 0xffffffffffffffff max_cycles: 0x1cd42e4dffb, max_idle_ns: 881590591483 ns
[    0.000000] Zone ranges:
[    0.000000]   DMA      [mem 0x0000000000001000-0x0000000000ffffff]
[    0.000000]   DMA32    [mem 0x0000000001000000-0x000000003ffeffff]
[    0.000000]   Normal   empty
[    0.000000]   Device   empty
[    0.000000] Movable zone start for each node
[    0.000000] Early memory node ranges
[    0.000000]   node   0: [mem 0x0000000000001000-0x000000000009efff]
[    0.000000]   node   0: [mem 0x0000000000100000-0x000000003ffeffff]
[    0.000000] Reserved but unavailable: 98 pages
[    0.000000] Initmem setup node 0 [mem 0x0000000000001000-0x000000003ffeffff]
[    0.000000] ACPI: PM-Timer IO Port: 0x4008
[    0.000000] IOAPIC[0]: apic_id 2, version 32, address 0xfec00000, GSI 0-23
[    0.000000] ACPI: INT_SRC_OVR (bus 0 bus_irq 0 global_irq 2 dfl dfl)
[    0.000000] ACPI: INT_SRC_OVR (bus 0 bus_irq 9 global_irq 9 low level)
[    0.000000] Using ACPI (MADT) for SMP configuration information
[    0.000000] smpboot: Allowing 2 CPUs, 0 hotplug CPUs
[    0.000000] PM: Registered nosave memory: [mem 0x00000000-0x00000fff]
[    0.000000] PM: Registered nosave memory: [mem 0x0009f000-0x0009ffff]
[    0.000000] PM: Registered nosave memory: [mem 0x000a0000-0x000effff]
[    0.000000] PM: Registered nosave memory: [mem 0x000f0000-0x000fffff]
[    0.000000] e820: [mem 0x40000000-0xfebfffff] available for PCI devices
[    0.000000] Booting paravirtualized kernel on KVM
[    0.000000] clocksource: refined-jiffies: mask: 0xffffffff max_cycles: 0xffffffff, max_idle_ns: 7645519600211568 ns
[    0.000000] random: get_random_bytes called from start_kernel+0x99/0x500 with crng_init=0
[    0.000000] setup_percpu: NR_CPUS:8192 nr_cpumask_bits:2 nr_cpu_ids:2 nr_node_ids:1
[    0.000000] percpu: Embedded 45 pages/cpu s147456 r8192 d28672 u1048576
[    0.000000] PV qspinlock hash table entries: 256 (order: 0, 4096 bytes)
[    0.000000] Built 1 zonelists, mobility grouping on.  Total pages: 257913
[    0.000000] Policy zone: DMA32
[    0.000000] Kernel command line: BOOT_IMAGE=/boot/vmlinuz-4.15.0-135-generic root=LABEL=cloudimg-rootfs ro console=tty1 console=ttyS0
[    0.000000] Memory: 983020K/1048120K available (12300K kernel code, 2482K rwdata, 4276K rodata, 2440K init, 2724K bss, 65100K reserved, 0K cma-reserved)
[    0.000000] SLUB: HWalign=64, Order=0-3, MinObjects=0, CPUs=2, Nodes=1
[    0.000000] ftrace: allocating 39422 entries in 154 pages
[    0.004000] Hierarchical RCU implementation.
[    0.004000] 	RCU restricting CPUs from NR_CPUS=8192 to nr_cpu_ids=2.
[    0.004000] 	Tasks RCU enabled.
[    0.004000] RCU: Adjusting geometry for rcu_fanout_leaf=16, nr_cpu_ids=2
[    0.004000] NR_IRQS: 524544, nr_irqs: 440, preallocated irqs: 16
[    0.004000] Console: colour VGA+ 80x25
[    0.004000] console [tty1] enabled
[    0.004000] console [ttyS0] enabled
[    0.004000] ACPI: Core revision 20170831
[    0.004000] ACPI: 2 ACPI AML tables successfully acquired and loaded
[    0.004000] APIC: Switch to symmetric I/O mode setup
[    0.004000] x2apic enabled
[    0.004000] Switched APIC routing to physical x2apic.
[    0.004000] ..TIMER: vector=0x30 apic1=0 pin1=2 apic2=-1 pin2=-1
[    0.004000] tsc: Detected 3699.846 MHz processor
[    0.004000] Calibrating delay loop (skipped) preset value.. 7399.69 BogoMIPS (lpj=14799384)
[    0.004000] pid_max: default: 32768 minimum: 301
[    0.004000] Security Framework initialized
[    0.004000] Yama: becoming mindful.
[    0.004000] AppArmor: AppArmor initialized
[    0.004000] Dentry cache hash table entries: 131072 (order: 8, 1048576 bytes)
[    0.004000] Inode-cache hash table entries: 65536 (order: 7, 524288 bytes)
[    0.004000] Mount-cache hash table entries: 2048 (order: 2, 16384 bytes)
[    0.004000] Mountpoint-cache hash table entries: 2048 (order: 2, 16384 bytes)
[    0.004000] Last level iTLB entries: 4KB 1024, 2MB 1024, 4MB 512
[    0.004000] Last level dTLB entries: 4KB 1536, 2MB 1536, 4MB 768, 1GB 0
[    0.004000] Spectre V1 : Mitigation: usercopy/swapgs barriers and __user pointer sanitization
[    0.004000] Spectre V2 : Spectre mitigation: LFENCE not serializing, switching to generic retpoline
[    0.004000] Spectre V2 : Mitigation: Full generic retpoline
[    0.004000] Spectre V2 : Spectre v2 / SpectreRSB mitigation: Filling RSB on context switch
[    0.004000] Speculative Store Bypass: Mitigation: Speculative Store Bypass disabled via prctl and seccomp
[    0.004000] Freeing SMP alternatives memory: 36K
[    0.117462] APIC calibration not consistent with PM-Timer: 103ms instead of 100ms
[    0.118181] APIC delta adjusted to PM-Timer: 6339407 (6591724)
[    0.118714] smpboot: CPU0: AMD Ryzen 7 2700X Eight-Core Processor (family: 0x17, model: 0x8, stepping: 0x2)
[    0.119628] Performance Events: PMU not available due to virtualization, using software events only.
[    0.120000] Hierarchical SRCU implementation.
[    0.120000] NMI watchdog: Perf event create on CPU 0 failed with -2
[    0.120000] NMI watchdog: Perf NMI watchdog permanently disabled
[    0.120000] smp: Bringing up secondary CPUs ...
[    0.120000] x86: Booting SMP configuration:
[    0.120003] .... node  #0, CPUs:      #1
[    0.004000] kvm-clock: cpu 1, msr 0:3ff44041, secondary cpu clock
[    0.122689] smp: Brought up 1 node, 2 CPUs
[    0.122689] smpboot: Max logical packages: 1
[    0.122689] smpboot: Total of 2 processors activated (14799.38 BogoMIPS)
[    0.124088] devtmpfs: initialized
[    0.124306] x86/mm: Memory block size: 128MB
[    0.124765] evm: security.selinux
[    0.125042] evm: security.SMACK64
[    0.125382] evm: security.SMACK64EXEC
[    0.125735] evm: security.SMACK64TRANSMUTE
[    0.126088] evm: security.SMACK64MMAP
[    0.126386] evm: security.apparmor
[    0.126665] evm: security.ima
[    0.126910] evm: security.capability
[    0.127224] clocksource: jiffies: mask: 0xffffffff max_cycles: 0xffffffff, max_idle_ns: 7645041785100000 ns
[    0.127224] futex hash table entries: 512 (order: 3, 32768 bytes)
[    0.128002] pinctrl core: initialized pinctrl subsystem
[    0.128002] RTC time: 13:21:34, date: 02/27/21
[    0.128002] NET: Registered protocol family 16
[    0.128002] audit: initializing netlink subsys (disabled)
[    0.128014] audit: type=2000 audit(1614432099.163:1): state=initialized audit_enabled=0 res=1
[    0.128648] cpuidle: using governor ladder
[    0.128648] cpuidle: using governor menu
[    0.128648] ACPI: bus type PCI registered
[    0.128648] acpiphp: ACPI Hot Plug PCI Controller Driver version: 0.5
[    0.128928] PCI: Using configuration type 1 for base access
[    0.129375] PCI: Using configuration type 1 for extended access
[    0.132337] HugeTLB registered 2.00 MiB page size, pre-allocated 0 pages
[    0.136055] ACPI: Added _OSI(Module Device)
[    0.136387] ACPI: Added _OSI(Processor Device)
[    0.136719] ACPI: Added _OSI(3.0 _SCP Extensions)
[    0.137096] ACPI: Added _OSI(Processor Aggregator Device)
[    0.137493] ACPI: Added _OSI(Linux-Dell-Video)
[    0.137840] ACPI: Added _OSI(Linux-Lenovo-NV-HDMI-Audio)
[    0.138232] ACPI: Added _OSI(Linux-HPI-Hybrid-Graphics)
[    0.138753] ACPI: Executed 1 blocks of module-level executable AML code
[    0.141691] ACPI: Interpreter enabled
[    0.142000] ACPI: (supports S0 S5)
[    0.142279] ACPI: Using IOAPIC for interrupt routing
[    0.142829] PCI: Using host bridge windows from ACPI; if necessary, use "pci=nocrs" and report a bug
[    0.143585] ACPI: Enabled 2 GPEs in block 00 to 07
[    0.148000] ACPI: PCI Root Bridge [PCI0] (domain 0000 [bus 00-ff])
[    0.148005] acpi PNP0A03:00: _OSC: OS supports [ExtendedConfig ASPM ClockPM Segments MSI]
[    0.149356] acpi PNP0A03:00: _OSC: platform does not support [PCIeCapability]
[    0.150242] acpi PNP0A03:00: _OSC: not requesting control; platform does not support [PCIeCapability]
[    0.150918] acpi PNP0A03:00: _OSC: OS requested [PCIeHotplug PME AER PCIeCapability]
[    0.151478] acpi PNP0A03:00: _OSC: platform willing to grant [PCIeHotplug PME AER]
[    0.152002] acpi PNP0A03:00: _OSC failed (AE_SUPPORT); disabling ASPM
[    0.152683] PCI host bridge to bus 0000:00
[    0.153382] pci_bus 0000:00: root bus resource [io  0x0000-0x0cf7 window]
[    0.153864] pci_bus 0000:00: root bus resource [io  0x0d00-0xffff window]
[    0.154344] pci_bus 0000:00: root bus resource [mem 0x000a0000-0x000bffff window]
[    0.154902] pci_bus 0000:00: root bus resource [mem 0x40000000-0xfdffffff window]
[    0.155458] pci_bus 0000:00: root bus resource [bus 00-ff]
[    0.156837] pci 0000:00:01.1: legacy IDE quirk: reg 0x10: [io  0x01f0-0x01f7]
[    0.157348] pci 0000:00:01.1: legacy IDE quirk: reg 0x14: [io  0x03f6]
[    0.157831] pci 0000:00:01.1: legacy IDE quirk: reg 0x18: [io  0x0170-0x0177]
[    0.158363] pci 0000:00:01.1: legacy IDE quirk: reg 0x1c: [io  0x0376]
[    0.164911] pci 0000:00:07.0: quirk: [io  0x4000-0x403f] claimed by PIIX4 ACPI
[    0.165613] pci 0000:00:07.0: quirk: [io  0x4100-0x410f] claimed by PIIX4 SMB
[    0.168739] ACPI: PCI Interrupt Link [LNKA] (IRQs 5 9 10 *11)
[    0.169410] ACPI: PCI Interrupt Link [LNKB] (IRQs 5 9 *10 11)
[    0.169918] ACPI: PCI Interrupt Link [LNKC] (IRQs 5 *9 10 11)
[    0.170424] ACPI: PCI Interrupt Link [LNKD] (IRQs 5 9 10 *11)
[    0.171133] SCSI subsystem initialized
[    0.171489] pci 0000:00:02.0: vgaarb: setting as boot VGA device
[    0.171489] pci 0000:00:02.0: vgaarb: VGA device added: decodes=io+mem,owns=io+mem,locks=none
[    0.171489] pci 0000:00:02.0: vgaarb: bridge control possible
[    0.172007] vgaarb: loaded
[    0.172256] ACPI: bus type USB registered
[    0.172594] usbcore: registered new interface driver usbfs
[    0.173000] usbcore: registered new interface driver hub
[    0.173399] usbcore: registered new device driver usb
[    0.173815] EDAC MC: Ver: 3.0.0
[    0.173815] PCI: Using ACPI for IRQ routing
[    0.173815] NetLabel: Initializing
[    0.173815] NetLabel:  domain hash size = 128
[    0.173815] NetLabel:  protocols = UNLABELED CIPSOv4 CALIPSO
[    0.176011] NetLabel:  unlabeled traffic allowed by default
[    0.176440] clocksource: Switched to clocksource kvm-clock
[    0.184360] VFS: Disk quotas dquot_6.6.0
[    0.184730] VFS: Dquot-cache hash table entries: 512 (order 0, 4096 bytes)
[    0.185298] AppArmor: AppArmor Filesystem Enabled
[    0.185690] pnp: PnP ACPI init
[    0.186607] pnp: PnP ACPI: found 3 devices
[    0.194037] clocksource: acpi_pm: mask: 0xffffff max_cycles: 0xffffff, max_idle_ns: 2085701024 ns
[    0.194792] NET: Registered protocol family 2
[    0.195277] TCP established hash table entries: 8192 (order: 4, 65536 bytes)
[    0.195825] TCP bind hash table entries: 8192 (order: 5, 131072 bytes)
[    0.196674] TCP: Hash tables configured (established 8192 bind 8192)
[    0.197201] UDP hash table entries: 512 (order: 2, 16384 bytes)
[    0.197670] UDP-Lite hash table entries: 512 (order: 2, 16384 bytes)
[    0.198206] NET: Registered protocol family 1
[    0.198573] pci 0000:00:00.0: Limiting direct PCI/PCI transfers
[    0.199046] pci 0000:00:01.0: Activating ISA DMA hang workarounds
[    0.199554] pci 0000:00:02.0: Video device with shadowed ROM at [mem 0x000c0000-0x000dffff]
[    0.200276] Unpacking initramfs...
[    0.200334] Freeing initrd memory: 19224K
[    0.200334] clocksource: tsc: mask: 0xffffffffffffffff max_cycles: 0x6aa9881f893, max_idle_ns: 881590766358 ns
[    0.200334] platform rtc_cmos: registered platform RTC device (no PNP device found)
[    0.200334] Scanning for low memory corruption every 60 seconds
[    0.415247] Initialise system trusted keyrings
[    0.415624] Key type blacklist registered
[    0.416003] workingset: timestamp_bits=36 max_order=18 bucket_order=0
[    0.417152] zbud: loaded
[    0.417798] squashfs: version 4.0 (2009/01/31) Phillip Lougher
[    0.418501] fuse init (API version 7.26)
[    0.420986] Key type asymmetric registered
[    0.421327] Asymmetric key parser 'x509' registered
[    0.421718] Block layer SCSI generic (bsg) driver version 0.4 loaded (major 246)
[    0.422323] io scheduler noop registered
[    0.422661] io scheduler deadline registered
[    0.423053] io scheduler cfq registered (default)
[    0.423609] ACPI: AC Adapter [AC] (on-line)
[    0.423995] input: Power Button as /devices/LNXSYSTM:00/LNXPWRBN:00/input/input0
[    0.424892] ACPI: Power Button [PWRF]
[    0.425247] input: Sleep Button as /devices/LNXSYSTM:00/LNXSLPBN:00/input/input1
[    0.425838] ACPI: Sleep Button [SLPF]
[    0.426378] Serial: 8250/16550 driver, 32 ports, IRQ sharing enabled
[    0.447171] 00:02: ttyS0 at I/O 0x3f8 (irq = 4, base_baud = 115200) is a 16550A
[    0.449629] Linux agpgart interface v0.103
[    0.451094] loop: module loaded
[    0.451776] scsi host0: ata_piix
[    0.452202] scsi host1: ata_piix
[    0.452565] ata1: PATA max UDMA/33 cmd 0x1f0 ctl 0x3f6 bmdma 0xd000 irq 14
[    0.453264] ata2: PATA max UDMA/33 cmd 0x170 ctl 0x376 bmdma 0xd008 irq 15
[    0.453978] libphy: Fixed MDIO Bus: probed
[    0.454319] tun: Universal TUN/TAP device driver, 1.6
[    0.454744] PPP generic driver version 2.4.2
[    0.455173] ehci_hcd: USB 2.0 'Enhanced' Host Controller (EHCI) Driver
[    0.455636] ehci-pci: EHCI PCI platform driver
[    0.455981] ehci-platform: EHCI generic platform driver
[    0.456409] ohci_hcd: USB 1.1 'Open' Host Controller (OHCI) Driver
[    0.456854] ohci-pci: OHCI PCI platform driver
[    0.457192] ohci-platform: OHCI generic platform driver
[    0.457575] uhci_hcd: USB Universal Host Controller Interface driver
[    0.458066] i8042: PNP: PS/2 Controller [PNP0303:PS2K,PNP0f03:PS2M] at 0x60,0x64 irq 1,12
[    0.459021] serio: i8042 KBD port at 0x60,0x64 irq 1
[    0.459437] serio: i8042 AUX port at 0x60,0x64 irq 12
[    0.459907] mousedev: PS/2 mouse device common for all mice
[    0.460542] input: AT Translated Set 2 keyboard as /devices/platform/i8042/serio0/input/input2
[    0.461432] rtc_cmos rtc_cmos: rtc core: registered rtc_cmos as rtc0
[    0.461928] rtc_cmos rtc_cmos: alarms up to one day, 114 bytes nvram
[    0.462393] i2c /dev entries driver
[    0.462719] device-mapper: uevent: version 1.0.3
[    0.463132] device-mapper: ioctl: 4.37.0-ioctl (2017-09-20) initialised: dm-devel@redhat.com
[    0.463777] ledtrig-cpu: registered to indicate activity on CPUs
[    0.464512] NET: Registered protocol family 10
[    0.467197] Segment Routing with IPv6
[    0.467524] NET: Registered protocol family 17
[    0.467924] Key type dns_resolver registered
[    0.468405] mce: Using 0 MCE banks
[    0.468703] RAS: Correctable Errors collector initialized.
[    0.469129] sched_clock: Marking stable (468385844, 0)->(548999025, -80613181)
[    0.469891] registered taskstats version 1
[    0.470246] Loading compiled-in X.509 certificates
[    0.471999] Loaded X.509 cert 'Build time autogenerated kernel key: 399a566a2ea98257ce6f7132c633527e9761cd56'
[    0.472754] zswap: loaded using pool lzo/zbud
[    0.475031] Key type big_key registered
[    0.475407] Key type trusted registered
[    0.476832] Key type encrypted registered
[    0.477214] AppArmor: AppArmor sha1 policy hashing enabled
[    0.477677] ima: No TPM chip found, activating TPM-bypass! (rc=-19)
[    0.478167] ima: Allocated hash algorithm: sha1
[    0.478535] evm: HMAC attrs: 0x1
[    0.478926]   Magic number: 9:206:383
[    0.479304] rtc_cmos rtc_cmos: setting system clock to 2021-02-27 13:21:34 UTC (1614432094)
[    0.480000] BIOS EDD facility v0.16 2004-Jun-25, 0 devices found
[    0.480494] EDD information not available.
[    0.667373] Freeing unused kernel image memory: 2440K
[    0.680072] Write protecting the kernel read-only data: 20480k
[    0.680934] Freeing unused kernel image memory: 2008K
[    0.681604] Freeing unused kernel image memory: 1868K
[    0.688045] x86/mm: Checked W+X mappings: passed, no W+X pages found.
Loading, please wait...
starting version 237
[    0.730822] e1000: Intel(R) PRO/1000 Network Driver - version 7.3.21-k8-NAPI
[    0.731391] e1000: Copyright (c) 1999-2006 Intel Corporation.
[    0.733664] Fusion MPT base driver 3.04.20
[    0.734007] Copyright (c) 1999-2008 LSI Corporation
[    0.736849] Fusion MPT SPI Host driver 3.04.20
[    0.749750] AVX2 version of gcm_enc/dec engaged.
[    0.750151] AES CTR mode by8 optimization enabled
[    0.959966] input: ImExPS/2 Generic Explorer Mouse as /devices/platform/i8042/serio1/input/input4
[    1.183690] e1000 0000:00:03.0 eth0: (PCI:33MHz:32-bit) 02:54:31:68:18:3c
[    1.184265] e1000 0000:00:03.0 eth0: Intel(R) PRO/1000 Network Connection
[    1.185370] mptbase: ioc0: Initiating bringup
[    1.186306] e1000 0000:00:03.0 enp0s3: renamed from eth0
[    1.707511] ioc0: LSI53C1030 A0: Capabilities={Initiator}
[    4.132831] scsi host2: ioc0: LSI53C1030 A0, FwRev=00000000h, Ports=1, MaxQ=256, IRQ=20
[    5.163825] scsi 2:0:0:0: Direct-Access     VBOX     HARDDISK         1.0  PQ: 0 ANSI: 5
[    5.225420] scsi target2:0:0: Beginning Domain Validation
[    5.226297] scsi target2:0:0: Domain Validation skipping write tests
[    5.226783] scsi target2:0:0: Ending Domain Validation
[    5.227208] scsi target2:0:0: asynchronous
[    5.227736] scsi 2:0:1:0: Direct-Access     VBOX     HARDDISK         1.0  PQ: 0 ANSI: 5
[    6.612018] scsi target2:0:1: Beginning Domain Validation
[    6.613238] scsi target2:0:1: Domain Validation skipping write tests
[    6.613689] scsi target2:0:1: Ending Domain Validation
[    6.614122] scsi target2:0:1: asynchronous
[    6.614466] random: fast init done
[    6.616780] random: systemd-udevd: uninitialized urandom read (16 bytes read)
[    6.616913] sd 2:0:0:0: [sda] 83886080 512-byte logical blocks: (42.9 GB/40.0 GiB)
[    6.617339] random: systemd-udevd: uninitialized urandom read (16 bytes read)
[    6.617949] sd 2:0:0:0: [sda] Write Protect is off
[    6.618445] random: systemd-udevd: uninitialized urandom read (16 bytes read)
[    6.619384] sd 2:0:0:0: [sda] Incomplete mode parameter data
[    6.619803] sd 2:0:0:0: [sda] Assuming drive cache: write through
[    6.620666] sd 2:0:0:0: Attached scsi generic sg0 type 0
[    6.621298] sd 2:0:1:0: Attached scsi generic sg1 type 0
[    6.621779] sd 2:0:1:0: [sdb] 20480 512-byte logical blocks: (10.5 MB/10.0 MiB)
[    6.622396] sd 2:0:1:0: [sdb] Write Protect is off
[    6.622852] sd 2:0:1:0: [sdb] Incomplete mode parameter data
[    6.623287] sd 2:0:1:0: [sdb] Assuming drive cache: write through
[    6.623755]  sda: sda1
[    6.624475] sd 2:0:0:0: [sda] Attached SCSI disk
[    6.635759] sd 2:0:1:0: [sdb] Attached SCSI disk
Begin: Loading essential drivers ... [    7.972129] raid6: sse2x1   gen()  8538 MB/s
[    8.020103] raid6: sse2x1   xor()  7846 MB/s
[    8.068084] raid6: sse2x2   gen() 16517 MB/s
[    8.116149] raid6: sse2x2   xor() 10739 MB/s
[    8.164032] raid6: sse2x4   gen() 17692 MB/s
[    8.212040] raid6: sse2x4   xor()  9877 MB/s
[    8.260033] raid6: avx2x1   gen() 18682 MB/s
[    8.308037] raid6: avx2x1   xor() 12653 MB/s
[    8.356040] raid6: avx2x2   gen() 25983 MB/s
[    8.404672] raid6: avx2x2   xor() 15916 MB/s
[    8.453033] raid6: avx2x4   gen() 27612 MB/s
[    8.500072] raid6: avx2x4   xor() 12501 MB/s
[    8.500607] raid6: using algorithm avx2x4 gen() 27612 MB/s
[    8.501350] raid6: .... xor() 12501 MB/s, rmw enabled
[    8.501852] raid6: using avx2x2 recovery algorithm
[    8.503238] xor: automatically using best checksumming function   avx       
[    8.504978] async_tx: api initialized (async)
done.
Begin: Running /scripts/init-premount ... done.
Begin: Mounting root file system ... Begin: Running /scripts/local-top ... done.
Begin: Running /scripts/local-premount ... [    8.545462] Btrfs loaded, crc32c=crc32c-intel
Scanning for Btrfs filesystems
done.
Warning: fsck not present, so skipping root file system
[    8.618883] EXT4-fs (sda1): mounted filesystem with ordered data mode. Opts: (null)
done.
Begin: Running /scripts/local-bottom ... done.
Begin: Running /scripts/init-bottom ... done.
[    9.138836] ip_tables: (C) 2000-2006 Netfilter Core Team
[    9.191702] systemd[1]: systemd 237 running in system mode. (+PAM +AUDIT +SELINUX +IMA +APPARMOR +SMACK +SYSVINIT +UTMP +LIBCRYPTSETUP +GCRYPT +GNUTLS +ACL +XZ +LZ4 +SECCOMP +BLKID +ELFUTILS +KMOD -IDN2 +IDN -PCRE2 default-hierarchy=hybrid)
[    9.194050] systemd[1]: Detected virtualization oracle.
[    9.194666] systemd[1]: Detected architecture x86-64.

Welcome to [1mUbuntu 18.04.5 LTS[0m!

[    9.214479] systemd[1]: Set hostname to <ubuntu>.
[    9.234798] systemd[1]: Initializing machine ID from random generator.
[    9.235462] systemd[1]: Installed transient /etc/machine-id file.
[    9.916731] systemd[1]: Set up automount Arbitrary Executable File Formats File System Automount Point.
[[0;32m  OK  [0m] Set up automount Arbitrary Executabâ€¦rmats File System Automount Point.
[    9.918805] systemd[1]: Created slice User and Session Slice.
[[0;32m  OK  [0m] Created slice User and Session Slice.
[    9.919767] systemd[1]: Started Forward Password Requests to Wall Directory Watch.
[[0;32m  OK  [0m] Started Forward Password Requests to Wall Directory Watch.
[    9.920952] systemd[1]: Reached target Swap.
[[0;32m  OK  [0m] Reached target Swap.
[[0;32m  OK  [0m] Reached target User and Group Name Lookups.
[[0;32m  OK  [0m] Reached target System Time Synchronized.
[[0;32m  OK  [0m] Created slice System Slice.
[[0;32m  OK  [0m] Listening on Device-mapper event daemon FIFOs.
[[0;32m  OK  [0m] Created slice system-serial\x2dgetty.slice.
[[0;32m  OK  [0m] Listening on Network Service Netlink Socket.
[[0;32m  OK  [0m] Listening on Journal Socket.
         Mounting POSIX Message Queue File System...
         Starting Remount Root and Kernel File Systems...
[[0;32m  OK  [0m] Listening on Journal Socket (/dev/log).
         Starting Create list of required stâ€¦ce nodes for the current kernel...
         Starting Load Kernel Modules...
[[0;32m  OK  [0m] Listening on Syslog Socket.
[[0;32m  OK  [0m] Listening on LVM2 metadata daemon socket.
         Starting Monitoring of LVM2 mirrorsâ€¦ng dmeventd or progress polling...
         Mounting Kernel Debug File System...
[[0;32m  OK  [0m] Listening on Journal Audit Socket.
         Starting Journal Service...
[[0;32m  OK  [0m] Listening on udev Kernel Socket.
[[0;32m  OK  [0m] Listening on /dev/initctl Compatibility Named Pipe.
         Starting Uncomplicated firewall...
[[0;32m  OK  [0m] Reached target Slices.
[[0;32m  OK  [0m] Listening on LVM2 poll daemon socket.
         Mounting Huge Pages File System...
         Starting Set the console keyboard layout...
[[0;32m  OK  [0m] Listening on udev Control Socket.
         Starting udev Coldplug all Devices...
[[0;32m  OK  [0m] Started Create list of required staâ€¦vice nodes for the current kernel.
         Starting Create Static Device Nodes in /dev...
[[0;32m  OK  [0m] Started Journal Service.
[[0;32m  OK  [0m] Started Uncomplicated firewall.
[[0;32m  OK  [0m] Mounted Huge Pages File System.
[[0;32m  OK  [0m] Mounted POSIX Message Queue File System.
[[0;32m  OK  [0m] Mounted Kernel Debug File System.
[[0;32m  OK  [0m] Started udev Coldplug all Devices.
[   10.179832] random: crng init done
[   10.180200] random: 7 urandom warning(s) missed due to ratelimiting
[[0;32m  OK  [0m] Started Create Static Device Nodes in /dev.
[   10.223642] Loading iSCSI transport class v2.0-870.
[   10.240698] iscsi: registered transport (tcp)
[   10.578708] EXT4-fs (sda1): re-mounted. Opts: (null)
[[0;32m  OK  [0m] Started Remount Root and Kernel File Systems.
         Starting Flush Journal to Persistent Storage...
         Starting udev Kernel Device Manager...
         Starting Load/Save Random Seed...
[[0;32m  OK  [0m] Started LVM2 metadata daemon.
[   10.680522] systemd-journald[404]: Received request to flush runtime journal from PID 1
[   10.696949] iscsi: registered transport (iser)
[[0;32m  OK  [0m] Started Load Kernel Modules.
         Starting Apply Kernel Variables...
         Mounting FUSE Control File System...
         Mounting Kernel Configuration File System...
[[0;32m  OK  [0m] Mounted Kernel Configuration File System.
[[0;32m  OK  [0m] Mounted FUSE Control File System.
[[0;32m  OK  [0m] Started Set the console keyboard layout.
[[0;32m  OK  [0m] Started Monitoring of LVM2 mirrors,â€¦sing dmeventd or progress polling.
[[0;32m  OK  [0m] Reached target Local File Systems (Pre).
[[0;32m  OK  [0m] Reached target Local File Systems.
         Starting Tell Plymouth To Write Out Runtime Data...
         Starting Commit a transient machine-id on disk...
         Starting Set console font and keymap...
         Starting ebtables ruleset management...
         Starting AppArmor initialization...
[[0;32m  OK  [0m] Started udev Kernel Device Manager.
[[0;32m  OK  [0m] Started Dispatch Password Requests to Console Directory Watch.
[[0;32m  OK  [0m] Reached target Local Encrypted Volumes.
[[0;32m  OK  [0m] Started Load/Save Random Seed.
[[0;32m  OK  [0m] Started Apply Kernel Variables.
[[0;32m  OK  [0m] Started Tell Plymouth To Write Out Runtime Data.
[[0;32m  OK  [0m] Started Set console font and keymap.
[[0;32m  OK  [0m] Started Flush Journal to Persistent Storage.
         Starting Create Volatile Files and Directories...
[[0;32m  OK  [0m] Started Commit a transient machine-id on disk.
[[0;32m  OK  [0m] Started Create Volatile Files and Directories.
         Starting Update UTMP about System Boot/Shutdown...
[[0;32m  OK  [0m] Started Update UTMP about System Boot/Shutdown.
[[0;32m  OK  [0m] Started ebtables ruleset management.
[[0;32m  OK  [0m] Found device /dev/ttyS0.
[[0;32m  OK  [0m] Listening on Load/Save RF Kill Switch Status /dev/rfkill Watch.
[[0;32m  OK  [0m] Started AppArmor initialization.
         Starting Load AppArmor profiles managed internally by snapd...
         Starting Initial cloud-init job (pre-networking)...
[[0;32m  OK  [0m] Started Load AppArmor profiles managed internally by snapd.
[   13.970756] cloud-init[554]: Cloud-init v. 20.4.1-0ubuntu1~18.04.1 running 'init-local' at Sat, 27 Feb 2021 13:21:47 +0000. Up 13.54 seconds.
[[0;32m  OK  [0m] Started Initial cloud-init job (pre-networking).
[[0;32m  OK  [0m] Reached target Network (Pre).
         Starting Network Service...
[[0;32m  OK  [0m] Started Network Service.
         Starting Wait for Network to be Configured...
         Starting Network Name Resolution...
[[0;32m  OK  [0m] Started Network Name Resolution.
[[0;32m  OK  [0m] Reached target Host and Network Name Lookups.
[[0;32m  OK  [0m] Reached target Network.
[[0;32m  OK  [0m] Started Wait for Network to be Configured.
         Starting Initial cloud-init job (metadata service crawler)...
[   16.290292] cloud-init[665]: Cloud-init v. 20.4.1-0ubuntu1~18.04.1 running 'init' at Sat, 27 Feb 2021 13:21:50 +0000. Up 16.18 seconds.
[   16.291202] cloud-init[665]: ci-info: ++++++++++++++++++++++++++++++++++++++Net device info++++++++++++++++++++++++++++++++++++++
[   16.292073] cloud-init[665]: ci-info: +--------+------+----------------------------+---------------+--------+-------------------+
[   16.292843] cloud-init[665]: ci-info: | Device |  Up  |          Address           |      Mask     | Scope  |     Hw-Address    |
[   16.293451] cloud-init[665]: ci-info: +--------+------+----------------------------+---------------+--------+-------------------+
[   16.293974] cloud-init[665]: ci-info: | enp0s3 | True |         10.0.2.15          | 255.255.255.0 | global | 02:54:31:68:18:3c |
[   16.294484] cloud-init[665]: ci-info: | enp0s3 | True | fe80::54:31ff:fe68:183c/64 |       .       |  link  | 02:54:31:68:18:3c |
[   16.294990] cloud-init[665]: ci-info: |   lo   | True |         127.0.0.1          |   255.0.0.0   |  host  |         .         |
[   16.295488] cloud-init[665]: ci-info: |   lo   | True |          ::1/128           |       .       |  host  |         .         |
[   16.295986] cloud-init[665]: ci-info: +--------+------+----------------------------+---------------+--------+-------------------+
[   16.296615] cloud-init[665]: ci-info: ++++++++++++++++++++++++++++Route IPv4 info+++++++++++++++++++++++++++++
[   16.297092] cloud-init[665]: ci-info: +-------+-------------+----------+-----------------+-----------+-------+
[   16.297553] cloud-init[665]: ci-info: | Route | Destination | Gateway  |     Genmask     | Interface | Flags |
[   16.298020] cloud-init[665]: ci-info: +-------+-------------+----------+-----------------+-----------+-------+
[   16.298472] cloud-init[665]: ci-info: |   0   |   0.0.0.0   | 10.0.2.2 |     0.0.0.0     |   enp0s3  |   UG  |
[   16.298928] cloud-init[665]: ci-info: |   1   |   10.0.2.0  | 0.0.0.0  |  255.255.255.0  |   enp0s3  |   U   |
[   16.299393] cloud-init[665]: ci-info: |   2   |   10.0.2.2  | 0.0.0.0  | 255.255.255.255 |   enp0s3  |   UH  |
[   16.299826] cloud-init[665]: ci-info: +-------+-------------+----------+-----------------+-----------+-------+
[   16.300288] cloud-init[665]: ci-info: +++++++++++++++++++Route IPv6 info+++++++++++++++++++
[   16.300699] cloud-init[665]: ci-info: +-------+-------------+---------+-----------+-------+
[   16.301193] cloud-init[665]: ci-info: | Route | Destination | Gateway | Interface | Flags |
[   16.301691] cloud-init[665]: ci-info: +-------+-------------+---------+-----------+-------+
[   16.302168] cloud-init[665]: ci-info: |   1   |  fe80::/64  |    ::   |   enp0s3  |   U   |
[   16.302689] cloud-init[665]: ci-info: |   3   |    local    |    ::   |   enp0s3  |   U   |
[   16.303183] cloud-init[665]: ci-info: |   4   |   ff00::/8  |    ::   |   enp0s3  |   U   |
[   16.303754] cloud-init[665]: ci-info: +-------+-------------+---------+-----------+-------+
[   17.963566] cloud-init[665]: Generating public/private rsa key pair.
[   17.963958] cloud-init[665]: Your identification has been saved in /etc/ssh/ssh_host_rsa_key.
[   17.964503] cloud-init[665]: Your public key has been saved in /etc/ssh/ssh_host_rsa_key.pub.
[   17.964992] cloud-init[665]: The key fingerprint is:
[   17.965372] cloud-init[665]: SHA256:5XPS0nFdQX0K86xJaZBupTZwad9TXnIsppFKYxfsU4k root@ubuntu-bionic
[   17.965892] cloud-init[665]: The key's randomart image is:
[   17.966268] cloud-init[665]: +---[RSA 2048]----+
[   17.966628] cloud-init[665]: |           +.+.=+|
[   17.966977] cloud-init[665]: |        . X E *.O|
[   17.976228] cloud-init[665]: |         B.X.%.B+|
[   17.976500] cloud-init[665]: |         oBoOo* .|
[   17.976876] cloud-init[665]: |        So=+++ . |
[   17.977227] cloud-init[665]: |           =o    |
[   17.977533] cloud-init[665]: |                 |
[   17.977889] cloud-init[665]: |                 |
[   17.978256] cloud-init[665]: |                 |
[   17.978599] cloud-init[665]: +----[SHA256]-----+
[   17.978935] cloud-init[665]: Generating public/private dsa key pair.
[   17.979366] cloud-init[665]: Your identification has been saved in /etc/ssh/ssh_host_dsa_key.
[   17.979885] cloud-init[665]: Your public key has been saved in /etc/ssh/ssh_host_dsa_key.pub.
[   17.980397] cloud-init[665]: The key fingerprint is:
[   17.980748] cloud-init[665]: SHA256:9P5loAL9lnMpKxoFsuS2yQ7beNt5HmJdRPFzBs1kwnY root@ubuntu-bionic
[   17.981290] cloud-init[665]: The key's randomart image is:
[   17.981674] cloud-init[665]: +---[DSA 1024]----+
[   17.982060] cloud-init[665]: |          ooo+o  |
[   17.982416] cloud-init[665]: |         . .o+E  |
[   17.982770] cloud-init[665]: |    o . . ..o.o  |
[   17.983118] cloud-init[665]: |   o o + o   +   |
[   17.983482] cloud-init[665]: |    + . S o .    |
[   17.983833] cloud-init[665]: |   o o + + o o   |
[   17.984227] cloud-init[665]: |  . + + + O o o  |
[   17.984587] cloud-init[665]: |   *.o +o+ * o   |
[   17.984940] cloud-init[665]: |  o.+.++... .    |
[   17.985276] cloud-init[665]: +----[SHA256]-----+
[   17.985626] cloud-init[665]: Generating public/private ecdsa key pair.
[   17.986056] cloud-init[665]: Your identification has been saved in /etc/ssh/ssh_host_ecdsa_key.
[   17.986551] cloud-init[665]: Your public key has been saved in /etc/ssh/ssh_host_ecdsa_key.pub.
[   17.987050] cloud-init[665]: The key fingerprint is:
[   17.987421] cloud-init[665]: SHA256:Gd2LvxGBVFCYRv5WLsQkEzQmIQf3I2OsZfarX+BPuzU root@ubuntu-bionic
[   17.987935] cloud-init[665]: The key's randomart image is:
[   17.988365] cloud-init[665]: +---[ECDSA 256]---+
[   17.988712] cloud-init[665]: |      o.=+@B+    |
[   17.989064] cloud-init[665]: |       = B+O     |
[   17.989420] cloud-init[665]: |        X.* = .  |
[   17.989767] cloud-init[665]: |       * * = =   |
[   17.990133] cloud-init[665]: |      . S + * .  |
[   17.990474] cloud-init[665]: |         . = o   |
[   17.990823] cloud-init[665]: |          o = E  |
[   17.991195] cloud-init[665]: |         . + = . |
[   17.991529] cloud-init[665]: |        ... =.   |
[   17.991870] cloud-init[665]: +----[SHA256]-----+
[   17.992259] cloud-init[665]: Generating public/private ed25519 key pair.
[   17.992701] cloud-init[665]: Your identification has been saved in /etc/ssh/ssh_host_ed25519_key.
[   17.993222] cloud-init[665]: Your public key has been saved in /etc/ssh/ssh_host_ed25519_key.pub.
[   17.993721] cloud-init[665]: The key fingerprint is:
[   17.994073] cloud-init[665]: SHA256:E1H54Dfb/DbT2n6V4Tg9wNfzUH98Ue3GTJTh9sBV2Bw root@ubuntu-bionic
[   17.994581] cloud-init[665]: The key's randomart image is:
[   17.994951] cloud-init[665]: +--[ED25519 256]--+
[   17.995315] cloud-init[665]: |        ....   E%|
[   17.995661] cloud-init[665]: |         .o  .o+*|
[   17.996033] cloud-init[665]: |        .. o. oX+|
[   17.996421] cloud-init[665]: |         .. +oo=%|
[   17.996786] cloud-init[665]: |        S  . =*oO|
[   17.997144] cloud-init[665]: |         .  .oo=o|
[   17.997494] cloud-init[665]: |              ..+|
[   17.997863] cloud-init[665]: |               +=|
[   17.998267] cloud-init[665]: |              .+*|
[   17.998636] cloud-init[665]: +----[SHA256]-----+
[[0;32m  OK  [0m] Started Initial cloud-init job (metadata service crawler).
[[0;32m  OK  [0m] Reached target Cloud-config availability.
[[0;32m  OK  [0m] Reached target System Initialization.
         Starting LXD - unix socket.
[[0;32m  OK  [0m] Listening on UUID daemon activation socket.
[[0;32m  OK  [0m] Started ACPI Events Check.
[[0;32m  OK  [0m] Reached target Paths.
[[0;32m  OK  [0m] Started Daily Cleanup of Temporary Directories.
[[0;32m  OK  [0m] Listening on D-Bus System Message Bus Socket.
         Starting Socket activation for snappy daemon.
[[0;32m  OK  [0m] Started Discard unused blocks once a week.
[[0;32m  OK  [0m] Started Message of the Day.
[[0;32m  OK  [0m] Listening on ACPID Listen Socket.
[[0;32m  OK  [0m] Listening on Open-iSCSI iscsid Socket.
[[0;32m  OK  [0m] Started Daily apt download activities.
[[0;32m  OK  [0m] Started Daily apt upgrade and clean activities.
[[0;32m  OK  [0m] Reached target Timers.
[[0;32m  OK  [0m] Reached target Network is Online.
[[0;32m  OK  [0m] Reached target Remote File Systems (Pre).
[[0;32m  OK  [0m] Reached target Remote File Systems.
         Starting Availability of block devices...
[[0;32m  OK  [0m] Listening on LXD - unix socket.
[[0;32m  OK  [0m] Listening on Socket activation for snappy daemon.
[[0;32m  OK  [0m] Reached target Sockets.
[[0;32m  OK  [0m] Reached target Basic System.
[[0;32m  OK  [0m] Started Deferred execution scheduler.
         Starting LSB: Record successful boot for GRUB...
         Starting Permit User Sessions...
[[0;32m  OK  [0m] Started FUSE filesystem for LXC.
[[0;32m  OK  [0m] Started irqbalance daemon.
[[0;32m  OK  [0m] Started Regular background program processing daemon.
         Starting Accounts Service...
         Starting Dispatcher daemon for systemd-networkd...
         Starting Login Service...
[[0;32m  OK  [0m] Started D-Bus System Message Bus.
         Starting LSB: automatic crash report generation...
         Starting Snap Daemon...
         Starting System Logging Service...
         Starting Virtualbox guest utils...
         Starting Pollinate to seed the pseudo random number generator...
         Starting LXD - container startup/shutdown...
[[0;32m  OK  [0m] Started Availability of block devices.
[[0;32m  OK  [0m] Started Permit User Sessions.
[[0;32m  OK  [0m] Started Login Service.
[[0;32m  OK  [0m] Started Unattended Upgrades Shutdown.
         Starting Terminate Plymouth Boot Screen...
         Starting Hold until boot process finishes up...
[[0;32m  OK  [0m] Started Hold until boot process finishes up.
         Starting Set console scheme...
[[0;32m  OK  [0m] Started Serial Getty on ttyS0.
[[0;32m  OK  [0m] Started Terminate Plymouth Boot Screen.
[[0;32m  OK  [0m] Started System Logging Service.
[[0;32m  OK  [0m] Started Set console scheme.
[[0;32m  OK  [0m] Created slice system-getty.slice.
[[0;32m  OK  [0m] Started Getty on tty1.
[[0;32m  OK  [0m] Reached target Login Prompts.
         Starting Authorization Manager...
[[0;32m  OK  [0m] Started LSB: automatic crash report generation.
[[0;32m  OK  [0m] Started LSB: Record successful boot for GRUB.
[[0;32m  OK  [0m] Started Authorization Manager.
[[0;32m  OK  [0m] Started Accounts Service.
[[0;32m  OK  [0m] Started Virtualbox guest utils.
[[0;32m  OK  [0m] Started Dispatcher daemon for systemd-networkd.
[[0;32m  OK  [0m] Started LXD - container startup/shutdown.
[[0;32m  OK  [0m] Started Snap Daemon.
         Starting Wait until snapd is fully seeded...
[[0;32m  OK  [0m] Started Pollinate to seed the pseudo random number generator.
         Starting OpenBSD Secure Shell server...
[[0;32m  OK  [0m] Started OpenBSD Secure Shell server.
[[0;32m  OK  [0m] Created slice User Slice of vagrant.
         Starting User Manager for UID 1000...
[[0;32m  OK  [0m] Started Session 1 of user vagrant.
[[0;32m  OK  [0m] Started User Manager for UID 1000.

Ubuntu 18.04.5 LTS ubuntu-bionic ttyS0

ubuntu-bionic login: [   26.122874] cloud-init[1496]: Cloud-init v. 20.4.1-0ubuntu1~18.04.1 running 'modules:config' at Sat, 27 Feb 2021 13:21:59 +0000. Up 25.38 seconds.
ci-info: no authorized SSH keys fingerprints found for user ubuntu.
<14>Feb 27 13:22:00 ec2: 
<14>Feb 27 13:22:00 ec2: #############################################################
<14>Feb 27 13:22:00 ec2: -----BEGIN SSH HOST KEY FINGERPRINTS-----
<14>Feb 27 13:22:00 ec2: 1024 SHA256:9P5loAL9lnMpKxoFsuS2yQ7beNt5HmJdRPFzBs1kwnY root@ubuntu-bionic (DSA)
<14>Feb 27 13:22:00 ec2: 256 SHA256:Gd2LvxGBVFCYRv5WLsQkEzQmIQf3I2OsZfarX+BPuzU root@ubuntu-bionic (ECDSA)
<14>Feb 27 13:22:00 ec2: 256 SHA256:E1H54Dfb/DbT2n6V4Tg9wNfzUH98Ue3GTJTh9sBV2Bw root@ubuntu-bionic (ED25519)
<14>Feb 27 13:22:00 ec2: 2048 SHA256:5XPS0nFdQX0K86xJaZBupTZwad9TXnIsppFKYxfsU4k root@ubuntu-bionic (RSA)
<14>Feb 27 13:22:00 ec2: -----END SSH HOST KEY FINGERPRINTS-----
<14>Feb 27 13:22:00 ec2: #############################################################
-----BEGIN SSH HOST KEY KEYS-----
ecdsa-sha2-nistp256 AAAAE2VjZHNhLXNoYTItbmlzdHAyNTYAAAAIbmlzdHAyNTYAAABBBF0s31YSKPsCsCo8afxnGxbPNEQ0lviM1yumSPzoD8s7q6uMWtAdR1qtbVJm5uE0reG8F8ZNVgWwd2RrMRuDekg= root@ubuntu-bionic
ssh-ed25519 AAAAC3NzaC1lZDI1NTE5AAAAIM8P0TlbWptdchhF5G7Zl7wzX47+nVCmUY2Xt8UcwvAq root@ubuntu-bionic
ssh-rsa AAAAB3NzaC1yc2EAAAADAQABAAABAQCrxBk6RBM+G2MZKx+XzEENKgB9HSVFJVyjlppZef8VZDomruzBSF5NQAv0h+4UB1Ewh0XRi/b6y+nNDiuBbd4qnBeHC5VH4uCtGMe+bJ/pr+by8cNiuVVFhppbyny6Et6MKXRZfm54w6SyH9Tk556c0i45fWFUam+n5fJQs5gr1GWbib9Gl9azDAoVg6C2fq2cId0yl35EdgOaQRogDQhzopZbIi6pxRzxzOnM0B0RZwzfs43KHaAGWsdJtinYPMR5zSmLGtCUSzxH7kGYYA7lKP9LpoG88AzZ+zOo3UFg4b/J5b+uDnU4+/deaxzbpWSgkZygWp3TondDK93TQIvZ root@ubuntu-bionic
-----END SSH HOST KEY KEYS-----
[   26.601942] cloud-init[1675]: Cloud-init v. 20.4.1-0ubuntu1~18.04.1 running 'modules:final' at Sat, 27 Feb 2021 13:22:00 +0000. Up 26.44 seconds.
[   26.602027] cloud-init[1675]: ci-info: no authorized SSH keys fingerprints found for user ubuntu.
[   26.602394] cloud-init[1675]: Cloud-init v. 20.4.1-0ubuntu1~18.04.1 finished at Sat, 27 Feb 2021 13:22:00 +0000. Datasource DataSourceNoCloud [seed=/dev/sdb][dsmode=net].  Up 26.59 seconds
