[    0.000000] Linux version 4.15.0-135-generic (buildd@lgw01-amd64-005) (gcc version 7.5.0 (Ubuntu 7.5.0-3ubuntu1~18.04)) #139-Ubuntu SMP Mon Jan 18 17:38:24 UTC 2021 (Ubuntu 4.15.0-135.139-generic 4.15.18)
[    0.000000] Command line: BOOT_IMAGE=/boot/vmlinuz-4.15.0-135-generic root=LABEL=cloudimg-rootfs ro console=tty1 console=ttyS0
[    0.000000] KERNEL supported cpus:
[    0.000000]   Intel GenuineIntel
[    0.000000]   AMD AuthenticAMD
[    0.000000]   Centaur CentaurHauls
[    0.000000] [Firmware Bug]: TSC doesn't count with P0 frequency!
[    0.000000] x86/fpu: Supporting XSAVE feature 0x001: 'x87 floating point registers'
[    0.000000] x86/fpu: Supporting XSAVE feature 0x002: 'SSE registers'
[    0.000000] x86/fpu: Supporting XSAVE feature 0x004: 'AVX registers'
[    0.000000] x86/fpu: xstate_offset[2]:  576, xstate_sizes[2]:  256
[    0.000000] x86/fpu: Enabled xstate features 0x7, context size is 832 bytes, using 'standard' format.
[    0.000000] e820: BIOS-provided physical RAM map:
[    0.000000] BIOS-e820: [mem 0x0000000000000000-0x000000000009fbff] usable
[    0.000000] BIOS-e820: [mem 0x000000000009fc00-0x000000000009ffff] reserved
[    0.000000] BIOS-e820: [mem 0x00000000000f0000-0x00000000000fffff] reserved
[    0.000000] BIOS-e820: [mem 0x0000000000100000-0x000000003ffeffff] usable
[    0.000000] BIOS-e820: [mem 0x000000003fff0000-0x000000003fffffff] ACPI data
[    0.000000] BIOS-e820: [mem 0x00000000fec00000-0x00000000fec00fff] reserved
[    0.000000] BIOS-e820: [mem 0x00000000fee00000-0x00000000fee00fff] reserved
[    0.000000] BIOS-e820: [mem 0x00000000fffc0000-0x00000000ffffffff] reserved
[    0.000000] NX (Execute Disable) protection: active
[    0.000000] SMBIOS 2.5 present.
[    0.000000] DMI: innotek GmbH VirtualBox/VirtualBox, BIOS VirtualBox 12/01/2006
[    0.000000] Hypervisor detected: KVM
[    0.000000] e820: last_pfn = 0x3fff0 max_arch_pfn = 0x400000000
[    0.000000] MTRR: Disabled
[    0.000000] x86/PAT: MTRRs disabled, skipping PAT initialization too.
[    0.000000] CPU MTRRs all blank - virtualized system.
[    0.000000] x86/PAT: Configuration [0-7]: WB  WT  UC- UC  WB  WT  UC- UC  
[    0.000000] found SMP MP-table at [mem 0x0009fff0-0x0009ffff]
[    0.000000] Scanning 1 areas for low memory corruption
[    0.000000] RAMDISK: [mem 0x35a63000-0x36d28fff]
[    0.000000] ACPI: Early table checksum verification disabled
[    0.000000] ACPI: RSDP 0x00000000000E0000 000024 (v02 VBOX  )
[    0.000000] ACPI: XSDT 0x000000003FFF0030 00003C (v01 VBOX   VBOXXSDT 00000001 ASL  00000061)
[    0.000000] ACPI: FACP 0x000000003FFF00F0 0000F4 (v04 VBOX   VBOXFACP 00000001 ASL  00000061)
[    0.000000] ACPI: DSDT 0x000000003FFF0470 002325 (v02 VBOX   VBOXBIOS 00000002 INTL 20100528)
[    0.000000] ACPI: FACS 0x000000003FFF0200 000040
[    0.000000] ACPI: FACS 0x000000003FFF0200 000040
[    0.000000] ACPI: APIC 0x000000003FFF0240 00005C (v02 VBOX   VBOXAPIC 00000001 ASL  00000061)
[    0.000000] ACPI: SSDT 0x000000003FFF02A0 0001CC (v01 VBOX   VBOXCPUT 00000002 INTL 20100528)
[    0.000000] No NUMA configuration found
[    0.000000] Faking a node at [mem 0x0000000000000000-0x000000003ffeffff]
[    0.000000] NODE_DATA(0) allocated [mem 0x3ffc5000-0x3ffeffff]
[    0.000000] kvm-clock: cpu 0, msr 0:3ff44001, primary cpu clock
[    0.000000] kvm-clock: Using msrs 4b564d01 and 4b564d00
[    0.000000] kvm-clock: using sched offset of 3120595374 cycles
[    0.000000] clocksource: kvm-clock: mask: 0xffffffffffffffff max_cycles: 0x1cd42e4dffb, max_idle_ns: 881590591483 ns
[    0.000000] Zone ranges:
[    0.000000]   DMA      [mem 0x0000000000001000-0x0000000000ffffff]
[    0.000000]   DMA32    [mem 0x0000000001000000-0x000000003ffeffff]
[    0.000000]   Normal   empty
[    0.000000]   Device   empty
[    0.000000] Movable zone start for each node
[    0.000000] Early memory node ranges
[    0.000000]   node   0: [mem 0x0000000000001000-0x000000000009efff]
[    0.000000]   node   0: [mem 0x0000000000100000-0x000000003ffeffff]
[    0.000000] Reserved but unavailable: 98 pages
[    0.000000] Initmem setup node 0 [mem 0x0000000000001000-0x000000003ffeffff]
[    0.000000] ACPI: PM-Timer IO Port: 0x4008
[    0.000000] IOAPIC[0]: apic_id 2, version 32, address 0xfec00000, GSI 0-23
[    0.000000] ACPI: INT_SRC_OVR (bus 0 bus_irq 0 global_irq 2 dfl dfl)
[    0.000000] ACPI: INT_SRC_OVR (bus 0 bus_irq 9 global_irq 9 low level)
[    0.000000] Using ACPI (MADT) for SMP configuration information
[    0.000000] smpboot: Allowing 2 CPUs, 0 hotplug CPUs
[    0.000000] PM: Registered nosave memory: [mem 0x00000000-0x00000fff]
[    0.000000] PM: Registered nosave memory: [mem 0x0009f000-0x0009ffff]
[    0.000000] PM: Registered nosave memory: [mem 0x000a0000-0x000effff]
[    0.000000] PM: Registered nosave memory: [mem 0x000f0000-0x000fffff]
[    0.000000] e820: [mem 0x40000000-0xfebfffff] available for PCI devices
[    0.000000] Booting paravirtualized kernel on KVM
[    0.000000] clocksource: refined-jiffies: mask: 0xffffffff max_cycles: 0xffffffff, max_idle_ns: 7645519600211568 ns
[    0.000000] random: get_random_bytes called from start_kernel+0x99/0x500 with crng_init=0
[    0.000000] setup_percpu: NR_CPUS:8192 nr_cpumask_bits:2 nr_cpu_ids:2 nr_node_ids:1
[    0.000000] percpu: Embedded 45 pages/cpu s147456 r8192 d28672 u1048576
[    0.000000] PV qspinlock hash table entries: 256 (order: 0, 4096 bytes)
[    0.000000] Built 1 zonelists, mobility grouping on.  Total pages: 257913
[    0.000000] Policy zone: DMA32
[    0.000000] Kernel command line: BOOT_IMAGE=/boot/vmlinuz-4.15.0-135-generic root=LABEL=cloudimg-rootfs ro console=tty1 console=ttyS0
[    0.000000] Memory: 983020K/1048120K available (12300K kernel code, 2482K rwdata, 4276K rodata, 2440K init, 2724K bss, 65100K reserved, 0K cma-reserved)
[    0.000000] SLUB: HWalign=64, Order=0-3, MinObjects=0, CPUs=2, Nodes=1
[    0.000000] ftrace: allocating 39422 entries in 154 pages
[    0.004000] Hierarchical RCU implementation.
[    0.004000] 	RCU restricting CPUs from NR_CPUS=8192 to nr_cpu_ids=2.
[    0.004000] 	Tasks RCU enabled.
[    0.004000] RCU: Adjusting geometry for rcu_fanout_leaf=16, nr_cpu_ids=2
[    0.004000] NR_IRQS: 524544, nr_irqs: 440, preallocated irqs: 16
[    0.004000] Console: colour VGA+ 80x25
[    0.004000] console [tty1] enabled
[    0.004000] console [ttyS0] enabled
[    0.004000] ACPI: Core revision 20170831
[    0.004000] ACPI: 2 ACPI AML tables successfully acquired and loaded
[    0.004000] APIC: Switch to symmetric I/O mode setup
[    0.004000] x2apic enabled
[    0.004000] Switched APIC routing to physical x2apic.
[    0.004000] ..TIMER: vector=0x30 apic1=0 pin1=2 apic2=-1 pin2=-1
[    0.004000] tsc: Detected 3567.182 MHz processor
[    0.004000] Calibrating delay loop (skipped) preset value.. 7134.36 BogoMIPS (lpj=14268728)
[    0.004000] pid_max: default: 32768 minimum: 301
[    0.004000] Security Framework initialized
[    0.004000] Yama: becoming mindful.
[    0.004000] AppArmor: AppArmor initialized
[    0.004000] Dentry cache hash table entries: 131072 (order: 8, 1048576 bytes)
[    0.004000] Inode-cache hash table entries: 65536 (order: 7, 524288 bytes)
[    0.004000] Mount-cache hash table entries: 2048 (order: 2, 16384 bytes)
[    0.004000] Mountpoint-cache hash table entries: 2048 (order: 2, 16384 bytes)
[    0.004000] Last level iTLB entries: 4KB 1024, 2MB 1024, 4MB 512
[    0.004000] Last level dTLB entries: 4KB 1536, 2MB 1536, 4MB 768, 1GB 0
[    0.004000] Spectre V1 : Mitigation: usercopy/swapgs barriers and __user pointer sanitization
[    0.004000] Spectre V2 : Spectre mitigation: LFENCE not serializing, switching to generic retpoline
[    0.004000] Spectre V2 : Mitigation: Full generic retpoline
[    0.004000] Spectre V2 : Spectre v2 / SpectreRSB mitigation: Filling RSB on context switch
[    0.004000] Speculative Store Bypass: Mitigation: Speculative Store Bypass disabled via prctl and seccomp
[    0.004000] Freeing SMP alternatives memory: 36K
[    0.120726] APIC calibration not consistent with PM-Timer: 97ms instead of 100ms
[    0.121583] APIC delta adjusted to PM-Timer: 6321131 (6172778)
[    0.122223] smpboot: CPU0: AMD Ryzen 7 2700X Eight-Core Processor (family: 0x17, model: 0x8, stepping: 0x2)
[    0.123324] Performance Events: PMU not available due to virtualization, using software events only.
[    0.124000] Hierarchical SRCU implementation.
[    0.124000] NMI watchdog: Perf event create on CPU 0 failed with -2
[    0.124000] NMI watchdog: Perf NMI watchdog permanently disabled
[    0.124041] smp: Bringing up secondary CPUs ...
[    0.124597] x86: Booting SMP configuration:
[    0.125036] .... node  #0, CPUs:      #1
[    0.004000] kvm-clock: cpu 1, msr 0:3ff44041, secondary cpu clock
[    0.128021] smp: Brought up 1 node, 2 CPUs
[    0.128452] smpboot: Max logical packages: 1
[    0.128914] smpboot: Total of 2 processors activated (14268.72 BogoMIPS)
[    0.129719] devtmpfs: initialized
[    0.129719] x86/mm: Memory block size: 128MB
[    0.129719] evm: security.selinux
[    0.129719] evm: security.SMACK64
[    0.129752] evm: security.SMACK64EXEC
[    0.130176] evm: security.SMACK64TRANSMUTE
[    0.130611] evm: security.SMACK64MMAP
[    0.132004] evm: security.apparmor
[    0.132386] evm: security.ima
[    0.132728] evm: security.capability
[    0.133174] clocksource: jiffies: mask: 0xffffffff max_cycles: 0xffffffff, max_idle_ns: 7645041785100000 ns
[    0.133174] futex hash table entries: 512 (order: 3, 32768 bytes)
[    0.133477] pinctrl core: initialized pinctrl subsystem
[    0.136085] RTC time: 20:13:37, date: 02/20/21
[    0.136686] NET: Registered protocol family 16
[    0.137154] audit: initializing netlink subsys (disabled)
[    0.137672] audit: type=2000 audit(1613852022.077:1): state=initialized audit_enabled=0 res=1
[    0.137672] cpuidle: using governor ladder
[    0.137672] cpuidle: using governor menu
[    0.137672] ACPI: bus type PCI registered
[    0.140004] acpiphp: ACPI Hot Plug PCI Controller Driver version: 0.5
[    0.140714] PCI: Using configuration type 1 for base access
[    0.141278] PCI: Using configuration type 1 for extended access
[    0.141900] HugeTLB registered 2.00 MiB page size, pre-allocated 0 pages
[    0.144015] ACPI: Added _OSI(Module Device)
[    0.144450] ACPI: Added _OSI(Processor Device)
[    0.144922] ACPI: Added _OSI(3.0 _SCP Extensions)
[    0.145389] ACPI: Added _OSI(Processor Aggregator Device)
[    0.145995] ACPI: Added _OSI(Linux-Dell-Video)
[    0.146449] ACPI: Added _OSI(Linux-Lenovo-NV-HDMI-Audio)
[    0.146998] ACPI: Added _OSI(Linux-HPI-Hybrid-Graphics)
[    0.147677] ACPI: Executed 1 blocks of module-level executable AML code
[    0.147677] ACPI: Interpreter enabled
[    0.147677] ACPI: (supports S0 S5)
[    0.147677] ACPI: Using IOAPIC for interrupt routing
[    0.147778] PCI: Using host bridge windows from ACPI; if necessary, use "pci=nocrs" and report a bug
[    0.152125] ACPI: Enabled 2 GPEs in block 00 to 07
[    0.157332] ACPI: PCI Root Bridge [PCI0] (domain 0000 [bus 00-ff])
[    0.157955] acpi PNP0A03:00: _OSC: OS supports [ExtendedConfig ASPM ClockPM Segments MSI]
[    0.159557] acpi PNP0A03:00: _OSC: platform does not support [PCIeCapability]
[    0.160000] acpi PNP0A03:00: _OSC: not requesting control; platform does not support [PCIeCapability]
[    0.160004] acpi PNP0A03:00: _OSC: OS requested [PCIeHotplug PME AER PCIeCapability]
[    0.160812] acpi PNP0A03:00: _OSC: platform willing to grant [PCIeHotplug PME AER]
[    0.161574] acpi PNP0A03:00: _OSC failed (AE_SUPPORT); disabling ASPM
[    0.161574] PCI host bridge to bus 0000:00
[    0.161574] pci_bus 0000:00: root bus resource [io  0x0000-0x0cf7 window]
[    0.161908] pci_bus 0000:00: root bus resource [io  0x0d00-0xffff window]
[    0.162554] pci_bus 0000:00: root bus resource [mem 0x000a0000-0x000bffff window]
[    0.163292] pci_bus 0000:00: root bus resource [mem 0x40000000-0xfdffffff window]
[    0.164000] pci_bus 0000:00: root bus resource [bus 00-ff]
[    0.168874] pci 0000:00:01.1: legacy IDE quirk: reg 0x10: [io  0x01f0-0x01f7]
[    0.169570] pci 0000:00:01.1: legacy IDE quirk: reg 0x14: [io  0x03f6]
[    0.170199] pci 0000:00:01.1: legacy IDE quirk: reg 0x18: [io  0x0170-0x0177]
[    0.170862] pci 0000:00:01.1: legacy IDE quirk: reg 0x1c: [io  0x0376]
[    0.178462] pci 0000:00:07.0: quirk: [io  0x4000-0x403f] claimed by PIIX4 ACPI
[    0.179227] pci 0000:00:07.0: quirk: [io  0x4100-0x410f] claimed by PIIX4 SMB
[    0.180000] ACPI: PCI Interrupt Link [LNKA] (IRQs 5 9 10 *11)
[    0.180000] ACPI: PCI Interrupt Link [LNKB] (IRQs 5 9 *10 11)
[    0.180097] ACPI: PCI Interrupt Link [LNKC] (IRQs 5 *9 10 11)
[    0.180843] ACPI: PCI Interrupt Link [LNKD] (IRQs 5 9 10 *11)
[    0.184024] SCSI subsystem initialized
[    0.184031] pci 0000:00:02.0: vgaarb: setting as boot VGA device
[    0.184596] pci 0000:00:02.0: vgaarb: VGA device added: decodes=io+mem,owns=io+mem,locks=none
[    0.185399] pci 0000:00:02.0: vgaarb: bridge control possible
[    0.185984] vgaarb: loaded
[    0.188042] ACPI: bus type USB registered
[    0.188499] usbcore: registered new interface driver usbfs
[    0.189041] usbcore: registered new interface driver hub
[    0.189588] usbcore: registered new device driver usb
[    0.190128] EDAC MC: Ver: 3.0.0
[    0.190128] PCI: Using ACPI for IRQ routing
[    0.190128] NetLabel: Initializing
[    0.190128] NetLabel:  domain hash size = 128
[    0.192003] NetLabel:  protocols = UNLABELED CIPSOv4 CALIPSO
[    0.192543] NetLabel:  unlabeled traffic allowed by default
[    0.193021] clocksource: Switched to clocksource kvm-clock
[    0.200640] VFS: Disk quotas dquot_6.6.0
[    0.201041] VFS: Dquot-cache hash table entries: 512 (order 0, 4096 bytes)
[    0.201694] AppArmor: AppArmor Filesystem Enabled
[    0.202112] pnp: PnP ACPI init
[    0.203055] pnp: PnP ACPI: found 3 devices
[    0.210851] clocksource: acpi_pm: mask: 0xffffff max_cycles: 0xffffff, max_idle_ns: 2085701024 ns
[    0.211626] NET: Registered protocol family 2
[    0.212138] TCP established hash table entries: 8192 (order: 4, 65536 bytes)
[    0.212713] TCP bind hash table entries: 8192 (order: 5, 131072 bytes)
[    0.213665] TCP: Hash tables configured (established 8192 bind 8192)
[    0.214234] UDP hash table entries: 512 (order: 2, 16384 bytes)
[    0.214755] UDP-Lite hash table entries: 512 (order: 2, 16384 bytes)
[    0.215343] NET: Registered protocol family 1
[    0.215750] pci 0000:00:00.0: Limiting direct PCI/PCI transfers
[    0.216323] pci 0000:00:01.0: Activating ISA DMA hang workarounds
[    0.216828] pci 0000:00:02.0: Video device with shadowed ROM at [mem 0x000c0000-0x000dffff]
[    0.217591] Unpacking initramfs...
[    0.434321] Freeing initrd memory: 19224K
[    0.434767] clocksource: tsc: mask: 0xffffffffffffffff max_cycles: 0x336b39334c3, max_idle_ns: 440795283714 ns
[    0.435555] platform rtc_cmos: registered platform RTC device (no PNP device found)
[    0.436282] Scanning for low memory corruption every 60 seconds
[    0.437366] Initialise system trusted keyrings
[    0.437829] Key type blacklist registered
[    0.438264] workingset: timestamp_bits=36 max_order=18 bucket_order=0
[    0.439525] zbud: loaded
[    0.440232] squashfs: version 4.0 (2009/01/31) Phillip Lougher
[    0.441272] fuse init (API version 7.26)
[    0.444440] Key type asymmetric registered
[    0.444859] Asymmetric key parser 'x509' registered
[    0.445334] Block layer SCSI generic (bsg) driver version 0.4 loaded (major 246)
[    0.446043] io scheduler noop registered
[    0.446409] io scheduler deadline registered
[    0.446814] io scheduler cfq registered (default)
[    0.447463] ACPI: AC Adapter [AC] (on-line)
[    0.447889] input: Power Button as /devices/LNXSYSTM:00/LNXPWRBN:00/input/input0
[    0.448606] ACPI: Power Button [PWRF]
[    0.448978] input: Sleep Button as /devices/LNXSYSTM:00/LNXSLPBN:00/input/input1
[    0.449617] ACPI: Sleep Button [SLPF]
[    0.450197] Serial: 8250/16550 driver, 32 ports, IRQ sharing enabled
[    0.471094] 00:02: ttyS0 at I/O 0x3f8 (irq = 4, base_baud = 115200) is a 16550A
[    0.473917] Linux agpgart interface v0.103
[    0.475495] loop: module loaded
[    0.476222] scsi host0: ata_piix
[    0.476758] scsi host1: ata_piix
[    0.477127] ata1: PATA max UDMA/33 cmd 0x1f0 ctl 0x3f6 bmdma 0xd000 irq 14
[    0.477766] ata2: PATA max UDMA/33 cmd 0x170 ctl 0x376 bmdma 0xd008 irq 15
[    0.478503] libphy: Fixed MDIO Bus: probed
[    0.478907] tun: Universal TUN/TAP device driver, 1.6
[    0.479422] PPP generic driver version 2.4.2
[    0.479900] ehci_hcd: USB 2.0 'Enhanced' Host Controller (EHCI) Driver
[    0.480525] ehci-pci: EHCI PCI platform driver
[    0.480970] ehci-platform: EHCI generic platform driver
[    0.481450] ohci_hcd: USB 1.1 'Open' Host Controller (OHCI) Driver
[    0.482019] ohci-pci: OHCI PCI platform driver
[    0.482459] ohci-platform: OHCI generic platform driver
[    0.482963] uhci_hcd: USB Universal Host Controller Interface driver
[    0.483626] i8042: PNP: PS/2 Controller [PNP0303:PS2K,PNP0f03:PS2M] at 0x60,0x64 irq 1,12
[    0.484757] serio: i8042 KBD port at 0x60,0x64 irq 1
[    0.485268] serio: i8042 AUX port at 0x60,0x64 irq 12
[    0.485880] mousedev: PS/2 mouse device common for all mice
[    0.486819] input: AT Translated Set 2 keyboard as /devices/platform/i8042/serio0/input/input2
[    0.487665] rtc_cmos rtc_cmos: rtc core: registered rtc_cmos as rtc0
[    0.488439] rtc_cmos rtc_cmos: alarms up to one day, 114 bytes nvram
[    0.489056] i2c /dev entries driver
[    0.489484] device-mapper: uevent: version 1.0.3
[    0.490049] device-mapper: ioctl: 4.37.0-ioctl (2017-09-20) initialised: dm-devel@redhat.com
[    0.490879] ledtrig-cpu: registered to indicate activity on CPUs
[    0.491948] NET: Registered protocol family 10
[    0.495231] Segment Routing with IPv6
[    0.495632] NET: Registered protocol family 17
[    0.496121] Key type dns_resolver registered
[    0.496715] mce: Using 0 MCE banks
[    0.497067] RAS: Correctable Errors collector initialized.
[    0.497580] sched_clock: Marking stable (496689632, 0)->(593596931, -96907299)
[    0.498549] registered taskstats version 1
[    0.498942] Loading compiled-in X.509 certificates
[    0.501008] Loaded X.509 cert 'Build time autogenerated kernel key: 399a566a2ea98257ce6f7132c633527e9761cd56'
[    0.501904] zswap: loaded using pool lzo/zbud
[    0.504595] Key type big_key registered
[    0.504961] Key type trusted registered
[    0.506480] Key type encrypted registered
[    0.506867] AppArmor: AppArmor sha1 policy hashing enabled
[    0.507362] ima: No TPM chip found, activating TPM-bypass! (rc=-19)
[    0.507937] ima: Allocated hash algorithm: sha1
[    0.508389] evm: HMAC attrs: 0x1
[    0.508835]   Magic number: 9:767:245
[    0.509285] rtc_cmos rtc_cmos: setting system clock to 2021-02-20 20:13:37 UTC (1613852017)
[    0.510106] BIOS EDD facility v0.16 2004-Jun-25, 0 devices found
[    0.510655] EDD information not available.
[    0.664543] Freeing unused kernel image memory: 2440K
[    0.676216] Write protecting the kernel read-only data: 20480k
[    0.677215] Freeing unused kernel image memory: 2008K
[    0.677890] Freeing unused kernel image memory: 1868K
[    0.684368] x86/mm: Checked W+X mappings: passed, no W+X pages found.
Loading, please wait...
starting version 237
[    0.731713] e1000: Intel(R) PRO/1000 Network Driver - version 7.3.21-k8-NAPI
[    0.732476] e1000: Copyright (c) 1999-2006 Intel Corporation.
[    0.734065] Fusion MPT base driver 3.04.20
[    0.734485] Copyright (c) 1999-2008 LSI Corporation
[    0.744792] Fusion MPT SPI Host driver 3.04.20
[    0.746929] AVX2 version of gcm_enc/dec engaged.
[    0.747313] AES CTR mode by8 optimization enabled
[    0.941326] input: ImExPS/2 Generic Explorer Mouse as /devices/platform/i8042/serio1/input/input4
[    1.067004] e1000 0000:00:03.0 eth0: (PCI:33MHz:32-bit) 02:54:31:68:18:3c
[    1.067638] e1000 0000:00:03.0 eth0: Intel(R) PRO/1000 Network Connection
[    1.069160] mptbase: ioc0: Initiating bringup
[    1.069576] e1000 0000:00:03.0 enp0s3: renamed from eth0
[    1.164707] ioc0: LSI53C1030 A0: Capabilities={Initiator}
[    1.405435] scsi host2: ioc0: LSI53C1030 A0, FwRev=00000000h, Ports=1, MaxQ=256, IRQ=20
[    2.640832] scsi 2:0:0:0: Direct-Access     VBOX     HARDDISK         1.0  PQ: 0 ANSI: 5
[    2.709007] scsi target2:0:0: Beginning Domain Validation
[    2.710189] scsi target2:0:0: Domain Validation skipping write tests
[    2.710757] scsi target2:0:0: Ending Domain Validation
[    2.711310] scsi target2:0:0: asynchronous
[    2.712173] scsi 2:0:1:0: Direct-Access     VBOX     HARDDISK         1.0  PQ: 0 ANSI: 5
[    2.844211] scsi target2:0:1: Beginning Domain Validation
[    2.845399] scsi target2:0:1: Domain Validation skipping write tests
[    2.845996] scsi target2:0:1: Ending Domain Validation
[    2.847094] random: fast init done
[    2.847436] scsi target2:0:1: asynchronous
[    2.850445] random: systemd-udevd: uninitialized urandom read (16 bytes read)
[    2.850501] sd 2:0:0:0: Attached scsi generic sg0 type 0
[    2.851195] random: systemd-udevd: uninitialized urandom read (16 bytes read)
[    2.851924] sd 2:0:1:0: [sdb] 20480 512-byte logical blocks: (10.5 MB/10.0 MiB)
[    2.852386] random: systemd-udevd: uninitialized urandom read (16 bytes read)
[    2.853223] sd 2:0:1:0: [sdb] Write Protect is off
[    2.854267] sd 2:0:1:0: Attached scsi generic sg1 type 0
[    2.855619] sd 2:0:0:0: [sda] 83886080 512-byte logical blocks: (42.9 GB/40.0 GiB)
[    2.856670] sd 2:0:0:0: [sda] Write Protect is off
[    2.856673] sd 2:0:1:0: [sdb] Incomplete mode parameter data
[    2.857854] sd 2:0:1:0: [sdb] Assuming drive cache: write through
[    2.857923] sd 2:0:0:0: [sda] Incomplete mode parameter data
[    2.858996] sd 2:0:0:0: [sda] Assuming drive cache: write through
[    2.869388]  sda: sda1
[    2.870130] sd 2:0:0:0: [sda] Attached SCSI disk
[    2.870638] sd 2:0:1:0: [sdb] Attached SCSI disk
Begin: Loading essential drivers ... [    4.236209] raid6: sse2x1   gen()  7949 MB/s
[    4.284229] raid6: sse2x1   xor()  7529 MB/s
[    4.332212] raid6: sse2x2   gen() 15987 MB/s
[    4.381114] raid6: sse2x2   xor() 10827 MB/s
[    4.428251] raid6: sse2x4   gen() 17104 MB/s
[    4.476212] raid6: sse2x4   xor()  9202 MB/s
[    4.524212] raid6: avx2x1   gen() 18092 MB/s
[    4.572207] raid6: avx2x1   xor() 14050 MB/s
[    4.620223] raid6: avx2x2   gen() 25604 MB/s
[    4.668227] raid6: avx2x2   xor() 14289 MB/s
[    4.716209] raid6: avx2x4   gen() 24898 MB/s
[    4.764216] raid6: avx2x4   xor() 13179 MB/s
[    4.764610] raid6: using algorithm avx2x2 gen() 25604 MB/s
[    4.765041] raid6: .... xor() 14289 MB/s, rmw enabled
[    4.765482] raid6: using avx2x2 recovery algorithm
[    4.766674] xor: automatically using best checksumming function   avx       
[    4.767851] async_tx: api initialized (async)
done.
Begin: Running /scripts/init-premount ... done.
Begin: Mounting root file system ... Begin: Running /scripts/local-top ... done.
Begin: Running /scripts/local-premount ... [    4.799892] Btrfs loaded, crc32c=crc32c-intel
Scanning for Btrfs filesystems
done.
Warning: fsck not present, so skipping root file system
[    4.832426] EXT4-fs (sda1): mounted filesystem with ordered data mode. Opts: (null)
done.
Begin: Running /scripts/local-bottom ... done.
Begin: Running /scripts/init-bottom ... done.
[    5.318069] ip_tables: (C) 2000-2006 Netfilter Core Team
[    5.373359] systemd[1]: systemd 237 running in system mode. (+PAM +AUDIT +SELINUX +IMA +APPARMOR +SMACK +SYSVINIT +UTMP +LIBCRYPTSETUP +GCRYPT +GNUTLS +ACL +XZ +LZ4 +SECCOMP +BLKID +ELFUTILS +KMOD -IDN2 +IDN -PCRE2 default-hierarchy=hybrid)
[    5.375428] systemd[1]: Detected virtualization oracle.
[    5.375959] systemd[1]: Detected architecture x86-64.

Welcome to [1mUbuntu 18.04.5 LTS[0m!

[    5.389391] systemd[1]: Set hostname to <ubuntu>.
[    5.405740] systemd[1]: Initializing machine ID from random generator.
[    5.406466] systemd[1]: Installed transient /etc/machine-id file.
[    6.114035] systemd[1]: Created slice User and Session Slice.
[[0;32m  OK  [0m] Created slice User and Session Slice.
[    6.114820] systemd[1]: Reached target Swap.
[[0;32m  OK  [0m] Reached target Swap.
[    6.115600] systemd[1]: Created slice System Slice.
[[0;32m  OK  [0m] Created slice System Slice.
[    6.116384] systemd[1]: Listening on Journal Socket (/dev/log).
[[0;32m  OK  [0m] Listening on Journal Socket (/dev/log).
[[0;32m  OK  [0m] Listening on Device-mapper event daemon FIFOs.
[[0;32m  OK  [0m] Listening on /dev/initctl Compatibility Named Pipe.
[[0;32m  OK  [0m] Created slice system-serial\x2dgetty.slice.
[[0;32m  OK  [0m] Listening on Journal Socket.
         Starting Uncomplicated firewall...
         Mounting Kernel Debug File System...
         Starting Remount Root and Kernel File Systems...
         Starting Load Kernel Modules...
         Starting Create list of required stâ€¦ce nodes for the current kernel...
[[0;32m  OK  [0m] Listening on LVM2 poll daemon socket.
[[0;32m  OK  [0m] Reached target System Time Synchronized.
         Starting Set the console keyboard layout...
[[0;32m  OK  [0m] Listening on Syslog Socket.
[[0;32m  OK  [0m] Listening on Network Service Netlink Socket.
[[0;32m  OK  [0m] Listening on udev Kernel Socket.
         Mounting POSIX Message Queue File System...
[[0;32m  OK  [0m] Listening on LVM2 metadata daemon socket.
         Starting Monitoring of LVM2 mirrorsâ€¦ng dmeventd or progress polling...
[[0;32m  OK  [0m] Set up automount Arbitrary Executabâ€¦rmats File System Automount Point.
[[0;32m  OK  [0m] Listening on Journal Audit Socket.
         Starting Journal Service...
[[0;32m  OK  [0m] Reached target User and Group Name Lookups.
[[0;32m  OK  [0m] Started Forward Password Requests to Wall Directory Watch.
         Mounting Huge Pages File System...
[[0;32m  OK  [0m] Reached target Slices.
[[0;32m  OK  [0m] Listening on udev Control Socket.
         Starting udev Coldplug all Devices...
[[0;32m  OK  [0m] Mounted Kernel Debug File System.
[[0;32m  OK  [0m] Mounted POSIX Message Queue File System.
[[0;32m  OK  [0m] Mounted Huge Pages File System.
[[0;32m  OK  [0m] Started Uncomplicated firewall.
[    6.219865] Loading iSCSI transport class v2.0-870.
[[0;32m  OK  [0m] Started Create list of required staâ€¦vice nodes for the current kernel.
         Starting Create Static Device Nodes in /dev...
[[0;32m  OK  [0m] Started Journal Service.
[    6.323301] EXT4-fs (sda1): re-mounted. Opts: (null)
[    6.323308] random: crng init done
[    6.324198] random: 7 urandom warning(s) missed due to ratelimiting
[[0;32m  OK  [0m] Started Remount Root and Kernel File Systems.
         Starting Load/Save Random Seed...
[    6.336584] iscsi: registered transport (tcp)
[    6.358723] iscsi: registered transport (iser)
         Starting Flush Journal to Persistent Storage...
[[0;32m  OK  [0m] Started Load Kernel Modules.
[[0;32m  OK  [0m] Started udev Coldplug all Devices.
         Mounting Kernel Configuration File System...
         Starting Apply Kernel Variables...
         Mounting FUSE Control File System...
[[0;32m  OK  [0m] Mounted Kernel Configuration File System.
[[0;32m  OK  [0m] Mounted FUSE Control File System.
[[0;32m  OK  [0m] Started Load/Save Random Seed.
[[0;32m  OK  [0m] Started Create Static Device Nodes in /dev.
         Starting udev Kernel Device Manager...
[[0;32m  OK  [0m] Started LVM2 metadata daemon.
[    6.528499] systemd-journald[407]: Received request to flush runtime journal from PID 1
[[0;32m  OK  [0m] Started Set the console keyboard layout.
[[0;32m  OK  [0m] Started udev Kernel Device Manager.
[[0;32m  OK  [0m] Started Dispatch Password Requests to Console Directory Watch.
[[0;32m  OK  [0m] Reached target Local Encrypted Volumes.
[[0;32m  OK  [0m] Started Apply Kernel Variables.
[[0;32m  OK  [0m] Started Monitoring of LVM2 mirrors,â€¦sing dmeventd or progress polling.
[[0;32m  OK  [0m] Reached target Local File Systems (Pre).
[[0;32m  OK  [0m] Reached target Local File Systems.
         Starting ebtables ruleset management...
         Starting AppArmor initialization...
         Starting Set console font and keymap...
         Starting Tell Plymouth To Write Out Runtime Data...
         Starting Commit a transient machine-id on disk...
[[0;32m  OK  [0m] Started Flush Journal to Persistent Storage.
         Starting Create Volatile Files and Directories...
[[0;32m  OK  [0m] Started Set console font and keymap.
[[0;32m  OK  [0m] Started Tell Plymouth To Write Out Runtime Data.
[[0;32m  OK  [0m] Started Create Volatile Files and Directories.
         Starting Update UTMP about System Boot/Shutdown...
[[0;32m  OK  [0m] Started Commit a transient machine-id on disk.
[[0;32m  OK  [0m] Found device /dev/ttyS0.
[[0;32m  OK  [0m] Started Update UTMP about System Boot/Shutdown.
[[0;32m  OK  [0m] Started ebtables ruleset management.
[[0;32m  OK  [0m] Listening on Load/Save RF Kill Switch Status /dev/rfkill Watch.
[[0;32m  OK  [0m] Started AppArmor initialization.
         Starting Load AppArmor profiles managed internally by snapd...
         Starting Initial cloud-init job (pre-networking)...
[[0;32m  OK  [0m] Started Load AppArmor profiles managed internally by snapd.
[   10.234109] cloud-init[561]: Cloud-init v. 20.4.1-0ubuntu1~18.04.1 running 'init-local' at Sat, 20 Feb 2021 20:13:46 +0000. Up 9.82 seconds.
[[0;32m  OK  [0m] Started Initial cloud-init job (pre-networking).
[[0;32m  OK  [0m] Reached target Network (Pre).
         Starting Network Service...
[[0;32m  OK  [0m] Started Network Service.
         Starting Network Name Resolution...
         Starting Wait for Network to be Configured...
[[0;32m  OK  [0m] Started Network Name Resolution.
[[0;32m  OK  [0m] Reached target Host and Network Name Lookups.
[[0;32m  OK  [0m] Reached target Network.
[[0;32m  OK  [0m] Started Wait for Network to be Configured.
         Starting Initial cloud-init job (metadata service crawler)...
[   11.943106] cloud-init[709]: Cloud-init v. 20.4.1-0ubuntu1~18.04.1 running 'init' at Sat, 20 Feb 2021 20:13:48 +0000. Up 11.81 seconds.
[   11.943831] cloud-init[709]: ci-info: ++++++++++++++++++++++++++++++++++++++Net device info++++++++++++++++++++++++++++++++++++++
[   11.944371] cloud-init[709]: ci-info: +--------+------+----------------------------+---------------+--------+-------------------+
[   11.944922] cloud-init[709]: ci-info: | Device |  Up  |          Address           |      Mask     | Scope  |     Hw-Address    |
[   11.945438] cloud-init[709]: ci-info: +--------+------+----------------------------+---------------+--------+-------------------+
[   11.946019] cloud-init[709]: ci-info: | enp0s3 | True |         10.0.2.15          | 255.255.255.0 | global | 02:54:31:68:18:3c |
[   11.946500] cloud-init[709]: ci-info: | enp0s3 | True | fe80::54:31ff:fe68:183c/64 |       .       |  link  | 02:54:31:68:18:3c |
[   11.947013] cloud-init[709]: ci-info: |   lo   | True |         127.0.0.1          |   255.0.0.0   |  host  |         .         |
[   11.947517] cloud-init[709]: ci-info: |   lo   | True |          ::1/128           |       .       |  host  |         .         |
[   11.948009] cloud-init[709]: ci-info: +--------+------+----------------------------+---------------+--------+-------------------+
[   11.948513] cloud-init[709]: ci-info: ++++++++++++++++++++++++++++Route IPv4 info+++++++++++++++++++++++++++++
[   11.948978] cloud-init[709]: ci-info: +-------+-------------+----------+-----------------+-----------+-------+
[   11.949403] cloud-init[709]: ci-info: | Route | Destination | Gateway  |     Genmask     | Interface | Flags |
[   11.949817] cloud-init[709]: ci-info: +-------+-------------+----------+-----------------+-----------+-------+
[   11.950233] cloud-init[709]: ci-info: |   0   |   0.0.0.0   | 10.0.2.2 |     0.0.0.0     |   enp0s3  |   UG  |
[   11.950678] cloud-init[709]: ci-info: |   1   |   10.0.2.0  | 0.0.0.0  |  255.255.255.0  |   enp0s3  |   U   |
[   11.951135] cloud-init[709]: ci-info: |   2   |   10.0.2.2  | 0.0.0.0  | 255.255.255.255 |   enp0s3  |   UH  |
[   11.951688] cloud-init[709]: ci-info: +-------+-------------+----------+-----------------+-----------+-------+
[   11.952214] cloud-init[709]: ci-info: +++++++++++++++++++Route IPv6 info+++++++++++++++++++
[   11.952696] cloud-init[709]: ci-info: +-------+-------------+---------+-----------+-------+
[   11.953212] cloud-init[709]: ci-info: | Route | Destination | Gateway | Interface | Flags |
[   11.953665] cloud-init[709]: ci-info: +-------+-------------+---------+-----------+-------+
[   11.954122] cloud-init[709]: ci-info: |   1   |  fe80::/64  |    ::   |   enp0s3  |   U   |
[   11.954601] cloud-init[709]: ci-info: |   3   |    local    |    ::   |   enp0s3  |   U   |
[   11.955064] cloud-init[709]: ci-info: |   4   |   ff00::/8  |    ::   |   enp0s3  |   U   |
[   11.955519] cloud-init[709]: ci-info: +-------+-------------+---------+-----------+-------+
[   13.219910] cloud-init[709]: Generating public/private rsa key pair.
[   13.220471] cloud-init[709]: Your identification has been saved in /etc/ssh/ssh_host_rsa_key.
[   13.220999] cloud-init[709]: Your public key has been saved in /etc/ssh/ssh_host_rsa_key.pub.
[   13.221534] cloud-init[709]: The key fingerprint is:
[   13.221961] cloud-init[709]: SHA256:GJHWH4tovhn27Ebs10GF4DXEjJ4N9e//jJnDWgfLBYw root@ubuntu-bionic
[   13.222508] cloud-init[709]: The key's randomart image is:
[   13.222900] cloud-init[709]: +---[RSA 2048]----+
[   13.223263] cloud-init[709]: |      .o  .B=.   |
[   13.223648] cloud-init[709]: |      o...+.+=.  |
[   13.224015] cloud-init[709]: |     ... +.*E.+  |
[   13.224424] cloud-init[709]: |      oo. = o  o |
[   13.224795] cloud-init[709]: |     o..S  .  . o|
[   13.225176] cloud-init[709]: |      + o   .. = |
[   13.225557] cloud-init[709]: |     . O   . o+ o|
[   13.225971] cloud-init[709]: |      o = . ..o*.|
[   13.226342] cloud-init[709]: |       o..  ..+.=|
[   13.226708] cloud-init[709]: +----[SHA256]-----+
[   13.227096] cloud-init[709]: Generating public/private dsa key pair.
[   13.227575] cloud-init[709]: Your identification has been saved in /etc/ssh/ssh_host_dsa_key.
[   13.228080] cloud-init[709]: Your public key has been saved in /etc/ssh/ssh_host_dsa_key.pub.
[   13.228625] cloud-init[709]: The key fingerprint is:
[   13.229065] cloud-init[709]: SHA256:T3rSec3WPcKOMA/TTwN3J9VbCCrGoGKqJ5jNlt/ZAOU root@ubuntu-bionic
[   13.229661] cloud-init[709]: The key's randomart image is:
[   13.230051] cloud-init[709]: +---[DSA 1024]----+
[   13.230418] cloud-init[709]: |      .     .    |
[   13.230793] cloud-init[709]: |     . o   . . ..|
[   13.231156] cloud-init[709]: |  o . . + .   . +|
[   13.231515] cloud-init[709]: | o . o . .     .o|
[   13.240477] cloud-init[709]: |.   . E S .. ..o.|
[   13.240949] cloud-init[709]: |o+ . .   =..+o.oo|
[   13.241519] cloud-init[709]: |= *   . o==..=+.o|
[   13.242109] cloud-init[709]: | + . . + o*.=.o .|
[   13.242508] cloud-init[709]: |    . o .  o o   |
[   13.242851] cloud-init[709]: +----[SHA256]-----+
[   13.243234] cloud-init[709]: Generating public/private ecdsa key pair.
[   13.243712] cloud-init[709]: Your identification has been saved in /etc/ssh/ssh_host_ecdsa_key.
[   13.244330] cloud-init[709]: Your public key has been saved in /etc/ssh/ssh_host_ecdsa_key.pub.
[   13.244840] cloud-init[709]: The key fingerprint is:
[   13.245072] cloud-init[709]: SHA256:sYxcBO069kGe5DIAGvnc2kK8WS4H9D93tEPNMF/VrJo root@ubuntu-bionic
[   13.245606] cloud-init[709]: The key's randomart image is:
[   13.246010] cloud-init[709]: +---[ECDSA 256]---+
[   13.246399] cloud-init[709]: | .    .o.      oo|
[   13.246742] cloud-init[709]: |o o    .. o   . o|
[   13.247135] cloud-init[709]: | B +   .o  * . . |
[   13.247502] cloud-init[709]: |. * =. ++oo + .  |
[   13.247850] cloud-init[709]: | . O oo*S+ . o   |
[   13.248211] cloud-init[709]: |  * + O * + E    |
[   13.248650] cloud-init[709]: |   + . B o .     |
[   13.249060] cloud-init[709]: |        .        |
[   13.249458] cloud-init[709]: |                 |
[   13.249854] cloud-init[709]: +----[SHA256]-----+
[   13.250236] cloud-init[709]: Generating public/private ed25519 key pair.
[   13.250763] cloud-init[709]: Your identification has been saved in /etc/ssh/ssh_host_ed25519_key.
[   13.251295] cloud-init[709]: Your public key has been saved in /etc/ssh/ssh_host_ed25519_key.pub.
[   13.251863] cloud-init[709]: The key fingerprint is:
[   13.252264] cloud-init[709]: SHA256:Yxz8CNvGTckwvH7TIsVY6o2uteUE+y4r91grTda7T6o root@ubuntu-bionic
[   13.252841] cloud-init[709]: The key's randomart image is:
[   13.253253] cloud-init[709]: +--[ED25519 256]--+
[   13.253834] cloud-init[709]: |       .o        |
[   13.254300] cloud-init[709]: |       ..+..     |
[   13.254676] cloud-init[709]: |      . o*+      |
[   13.255043] cloud-init[709]: |       *+*o      |
[   13.255426] cloud-init[709]: |      .oS+oo     |
[   13.255794] cloud-init[709]: |       o=+B o    |
[   13.256154] cloud-init[709]: |       .o*+o ..  |
[   13.256555] cloud-init[709]: |      ..=O...o   |
[   13.256941] cloud-init[709]: |      .++*E.oo.  |
[   13.257310] cloud-init[709]: +----[SHA256]-----+
[[0;32m  OK  [0m] Started Initial cloud-init job (metadata service crawler).
[[0;32m  OK  [0m] Reached target Network is Online.
         Starting Availability of block devices...
[[0;32m  OK  [0m] Reached target Remote File Systems (Pre).
[[0;32m  OK  [0m] Reached target Remote File Systems.
[[0;32m  OK  [0m] Reached target System Initialization.
[[0;32m  OK  [0m] Listening on Open-iSCSI iscsid Socket.
[[0;32m  OK  [0m] Listening on D-Bus System Message Bus Socket.
[[0;32m  OK  [0m] Listening on UUID daemon activation socket.
[[0;32m  OK  [0m] Listening on ACPID Listen Socket.
[[0;32m  OK  [0m] Started ACPI Events Check.
         Starting Socket activation for snappy daemon.
[[0;32m  OK  [0m] Started Daily Cleanup of Temporary Directories.
[[0;32m  OK  [0m] Started Discard unused blocks once a week.
[[0;32m  OK  [0m] Started Daily apt download activities.
[[0;32m  OK  [0m] Started Daily apt upgrade and clean activities.
[[0;32m  OK  [0m] Started Message of the Day.
[[0;32m  OK  [0m] Reached target Timers.
[[0;32m  OK  [0m] Reached target Paths.
         Starting LXD - unix socket.
[[0;32m  OK  [0m] Reached target Cloud-config availability.
[[0;32m  OK  [0m] Started Availability of block devices.
[[0;32m  OK  [0m] Listening on Socket activation for snappy daemon.
[[0;32m  OK  [0m] Listening on LXD - unix socket.
[[0;32m  OK  [0m] Reached target Sockets.
[[0;32m  OK  [0m] Reached target Basic System.
         Starting Dispatcher daemon for systemd-networkd...
[[0;32m  OK  [0m] Started Regular background program processing daemon.
         Starting Accounts Service...
         Starting Login Service...
         Starting LSB: Record successful boot for GRUB...
         Starting LXD - container startup/shutdown...
[[0;32m  OK  [0m] Started D-Bus System Message Bus.
[[0;32m  OK  [0m] Started FUSE filesystem for LXC.
         Starting Virtualbox guest utils...
         Starting System Logging Service...
[[0;32m  OK  [0m] Started Deferred execution scheduler.
         Starting LSB: automatic crash report generation...
         Starting Permit User Sessions...
         Starting Pollinate to seed the pseudo random number generator...
[[0;32m  OK  [0m] Started irqbalance daemon.
         Starting Snap Daemon...
[[0;32m  OK  [0m] Started System Logging Service.
[[0;32m  OK  [0m] Started Permit User Sessions.
[[0;32m  OK  [0m] Started Login Service.
[[0;32m  OK  [0m] Started Unattended Upgrades Shutdown.
         Starting Terminate Plymouth Boot Screen...
         Starting Hold until boot process finishes up...
[[0;32m  OK  [0m] Started Hold until boot process finishes up.
         Starting Set console scheme...
[[0;32m  OK  [0m] Started Serial Getty on ttyS0.
[[0;32m  OK  [0m] Started Terminate Plymouth Boot Screen.
[[0;32m  OK  [0m] Started Set console scheme.
[[0;32m  OK  [0m] Created slice system-getty.slice.
[[0;32m  OK  [0m] Started Getty on tty1.
[[0;32m  OK  [0m] Reached target Login Prompts.
         Starting Authorization Manager...
[[0;32m  OK  [0m] Started LSB: automatic crash report generation.
[[0;32m  OK  [0m] Started LSB: Record successful boot for GRUB.
[[0;32m  OK  [0m] Started Authorization Manager.
[[0;32m  OK  [0m] Started Accounts Service.
[[0;32m  OK  [0m] Started Virtualbox guest utils.
[[0;32m  OK  [0m] Started Dispatcher daemon for systemd-networkd.
[[0;32m  OK  [0m] Started LXD - container startup/shutdown.
[[0;32m  OK  [0m] Started Snap Daemon.
         Starting Wait until snapd is fully seeded...
[[0;32m  OK  [0m] Started Wait until snapd is fully seeded.
         Starting Apply the settings specified in cloud-config...
[[0;32m  OK  [0m] Started Pollinate to seed the pseudo random number generator.
         Starting OpenBSD Secure Shell server...
[[0;32m  OK  [0m] Started OpenBSD Secure Shell server.
[[0;32m  OK  [0m] Reached target Multi-User System.
[[0;32m  OK  [0m] Reached target Graphical Interface.
         Starting Update UTMP about System Runlevel Changes...
[[0;32m  OK  [0m] Started Update UTMP about System Runlevel Changes.
[[0;32m  OK  [0m] Created slice User Slice of vagrant.
         Starting User Manager for UID 1000...
[[0;32m  OK  [0m] Started Session 1 of user vagrant.
[   19.185869] cloud-init[1251]: Cloud-init v. 20.4.1-0ubuntu1~18.04.1 running 'modules:config' at Sat, 20 Feb 2021 20:13:54 +0000. Up 17.75 seconds.
ci-info: no authorized SSH keys fingerprints found for user ubuntu.
<14>Feb 20 20:13:56 ec2: 
<14>Feb 20 20:13:56 ec2: #############################################################
<14>Feb 20 20:13:56 ec2: -----BEGIN SSH HOST KEY FINGERPRINTS-----
<14>Feb 20 20:13:56 ec2: 1024 SHA256:T3rSec3WPcKOMA/TTwN3J9VbCCrGoGKqJ5jNlt/ZAOU root@ubuntu-bionic (DSA)
<14>Feb 20 20:13:56 ec2: 256 SHA256:sYxcBO069kGe5DIAGvnc2kK8WS4H9D93tEPNMF/VrJo root@ubuntu-bionic (ECDSA)
<14>Feb 20 20:13:56 ec2: 256 SHA256:Yxz8CNvGTckwvH7TIsVY6o2uteUE+y4r91grTda7T6o root@ubuntu-bionic (ED25519)
<14>Feb 20 20:13:56 ec2: 2048 SHA256:GJHWH4tovhn27Ebs10GF4DXEjJ4N9e//jJnDWgfLBYw root@ubuntu-bionic (RSA)
<14>Feb 20 20:13:56 ec2: -----END SSH HOST KEY FINGERPRINTS-----
<14>Feb 20 20:13:56 ec2: #############################################################
-----BEGIN SSH HOST KEY KEYS-----
ecdsa-sha2-nistp256 AAAAE2VjZHNhLXNoYTItbmlzdHAyNTYAAAAIbmlzdHAyNTYAAABBBAHYRs8eipQ+1e8XlIrNbw5ho1+pRmuwtqRdi9iXZX7HUqSDVjTPIdy8yfcOjyZS0aG1A7TuM2IfEmecAlthr/U= root@ubuntu-bionic
ssh-ed25519 AAAAC3NzaC1lZDI1NTE5AAAAIP1Q67ooUBCWKsTKG45PfNThm64uedn0/oWTqZlpiLXk root@ubuntu-bionic
ssh-rsa AAAAB3NzaC1yc2EAAAADAQABAAABAQDIETxT2rAloDbvTxKqaclozcyNK3ktxtCMTfW9L/nw5XspXlKFKe5VLlNJfOjgVTLv96pbmIHSdW+3FQ42wr+63oWAiANRLwak+LCG9oPMuxKALPAj7wMVlA3mIvPfk84gAjB/Wj7ihE/rA1uzok1/j15g3pnQtWJ5MmBZ0Z+k3f3SPvb2d9mThqFEIS+dxNhkQ41VGfnLxwZfEerex/OEAQsrtxN58SJ9d2PV2daPYtDom2oxc+NVD2X0Gss5ChrXGJ6E564woFSyfoOTBAo4Tb54N8ACeEdk2NruPEg/2wYLrgAgFRJkiyP4YqyvrF7ATr6Ia0hKkubl3EXRF5f5 root@ubuntu-bionic
-----END SSH HOST KEY KEYS-----
[   19.851826] cloud-init[1437]: Cloud-init v. 20.4.1-0ubuntu1~18.04.1 running 'modules:final' at Sat, 20 Feb 2021 20:13:56 +0000. Up 19.53 seconds.
[   19.852229] cloud-init[1437]: ci-info: no authorized SSH keys fingerprints found for user ubuntu.
[   19.852748] cloud-init[1437]: Cloud-init v. 20.4.1-0ubuntu1~18.04.1 finished at Sat, 20 Feb 2021 20:13:56 +0000. Datasource DataSourceNoCloud [seed=/dev/sdb][dsmode=net].  Up 19.84 seconds

Ubuntu 18.04.5 LTS ubuntu-bionic ttyS0

ubuntu-bionic login: [   80.440248] systemd-fstab-generator[2986]: Failed to create unit file /run/systemd/generator/swapdir-swapfile.swap, as it already exists. Duplicate entry in /etc/fstab?
[   80.790807] systemd-fstab-generator[3021]: Failed to create unit file /run/systemd/generator/swapdir-swapfile.swap, as it already exists. Duplicate entry in /etc/fstab?
[   81.154889] systemd-fstab-generator[3060]: Failed to create unit file /run/systemd/generator/swapdir-swapfile.swap, as it already exists. Duplicate entry in /etc/fstab?
[   81.242400] systemd-fstab-generator[3086]: Failed to create unit file /run/systemd/generator/swapdir-swapfile.swap, as it already exists. Duplicate entry in /etc/fstab?
[   82.535310] systemd-fstab-generator[3172]: Failed to create unit file /run/systemd/generator/swapdir-swapfile.swap, as it already exists. Duplicate entry in /etc/fstab?
[   82.635976] systemd-fstab-generator[3199]: Failed to create unit file /run/systemd/generator/swapdir-swapfile.swap, as it already exists. Duplicate entry in /etc/fstab?
[   82.742234] systemd-fstab-generator[3228]: Failed to create unit file /run/systemd/generator/swapdir-swapfile.swap, as it already exists. Duplicate entry in /etc/fstab?
[   83.458531] systemd-fstab-generator[3403]: Failed to create unit file /run/systemd/generator/swapdir-swapfile.swap, as it already exists. Duplicate entry in /etc/fstab?
[   83.579721] systemd-fstab-generator[3429]: Failed to create unit file /run/systemd/generator/swapdir-swapfile.swap, as it already exists. Duplicate entry in /etc/fstab?
[   83.748285] systemd-fstab-generator[3485]: Failed to create unit file /run/systemd/generator/swapdir-swapfile.swap, as it already exists. Duplicate entry in /etc/fstab?
[   87.874487] systemd-fstab-generator[3729]: Failed to create unit file /run/systemd/generator/swapdir-swapfile.swap, as it already exists. Duplicate entry in /etc/fstab?
[   93.189350] systemd-fstab-generator[4782]: Failed to create unit file /run/systemd/generator/swapdir-swapfile.swap, as it already exists. Duplicate entry in /etc/fstab?
